Archive member included to satisfy reference by file (symbol)

c:/program files (x86)/atollic/truestudio for arm 7.0.1/armtools/bin/../lib/gcc/arm-atollic-eabi/5.3.1/../../../../arm-atollic-eabi/lib/armv7-m\libc.a(lib_a-memset.o)
                              Drivers\STM32F1xx_HAL_Driver\Src\stm32f1xx_hal_rcc.o (memset)
c:/program files (x86)/atollic/truestudio for arm 7.0.1/armtools/bin/../lib/gcc/arm-atollic-eabi/5.3.1/armv7-m\libgcc.a(_lshrdi3.o)
                              Drivers\STM32F1xx_HAL_Driver\Src\stm32f1xx_hal_flash.o (__aeabi_llsr)
c:/program files (x86)/atollic/truestudio for arm 7.0.1/armtools/bin/../lib/gcc/arm-atollic-eabi/5.3.1/armv7-m\libgcc.a(_arm_addsubdf3.o)
                              Src\main.o (__aeabi_dsub)
c:/program files (x86)/atollic/truestudio for arm 7.0.1/armtools/bin/../lib/gcc/arm-atollic-eabi/5.3.1/armv7-m\libgcc.a(_arm_muldivdf3.o)
                              Src\main.o (__aeabi_dmul)
c:/program files (x86)/atollic/truestudio for arm 7.0.1/armtools/bin/../lib/gcc/arm-atollic-eabi/5.3.1/armv7-m\libgcc.a(_arm_cmpdf2.o)
                              Src\main.o (__aeabi_dcmpgt)
c:/program files (x86)/atollic/truestudio for arm 7.0.1/armtools/bin/../lib/gcc/arm-atollic-eabi/5.3.1/armv7-m\libgcc.a(_arm_truncdfsf2.o)
                              Src\main.o (__aeabi_d2f)
c:/program files (x86)/atollic/truestudio for arm 7.0.1/armtools/bin/../lib/gcc/arm-atollic-eabi/5.3.1/armv7-m\libgcc.a(_arm_addsubsf3.o)
                              Src\main.o (__aeabi_fsub)
c:/program files (x86)/atollic/truestudio for arm 7.0.1/armtools/bin/../lib/gcc/arm-atollic-eabi/5.3.1/armv7-m\libgcc.a(_arm_muldivsf3.o)
                              Src\main.o (__aeabi_fmul)
c:/program files (x86)/atollic/truestudio for arm 7.0.1/armtools/bin/../lib/gcc/arm-atollic-eabi/5.3.1/armv7-m\libgcc.a(_arm_cmpsf2.o)
                              Src\main.o (__aeabi_fcmpgt)
c:/program files (x86)/atollic/truestudio for arm 7.0.1/armtools/bin/../lib/gcc/arm-atollic-eabi/5.3.1/armv7-m\libgcc.a(_arm_fixunssfsi.o)
                              Src\main.o (__aeabi_f2uiz)

Allocating common symbols
Common symbol       size              file

ADC                 0x20              Src\main.o
in                  0x28              Src\main.o
pFlash              0x20              Drivers\STM32F1xx_HAL_Driver\Src\stm32f1xx_hal_flash.o
htim3               0x3c              Src\main.o
state               0x6               Src\main.o
hadc1               0x30              Src\main.o
val                 0x28              Src\main.o
hdma_adc1           0x38              Src\main.o
pwm                 0x10              Src\main.o
htim2               0x3c              Src\main.o
avg                 0x28              Src\main.o
ice                 0xc               Src\main.o

Discarded input sections

 .text          0x00000000        0x0 c:/program files (x86)/atollic/truestudio for arm 7.0.1/armtools/bin/../lib/gcc/arm-atollic-eabi/5.3.1/armv7-m/crti.o
 .data          0x00000000        0x0 c:/program files (x86)/atollic/truestudio for arm 7.0.1/armtools/bin/../lib/gcc/arm-atollic-eabi/5.3.1/armv7-m/crti.o
 .bss           0x00000000        0x0 c:/program files (x86)/atollic/truestudio for arm 7.0.1/armtools/bin/../lib/gcc/arm-atollic-eabi/5.3.1/armv7-m/crti.o
 .data          0x00000000        0x4 c:/program files (x86)/atollic/truestudio for arm 7.0.1/armtools/bin/../lib/gcc/arm-atollic-eabi/5.3.1/armv7-m/crtbegin.o
 .text          0x00000000       0x14 Drivers\CMSIS\Device\ST\STM32F1xx\Source\Templates\gcc\startup_stm32f105xc.o
 .data          0x00000000        0x0 Drivers\CMSIS\Device\ST\STM32F1xx\Source\Templates\gcc\startup_stm32f105xc.o
 .bss           0x00000000        0x0 Drivers\CMSIS\Device\ST\STM32F1xx\Source\Templates\gcc\startup_stm32f105xc.o
 .text          0x00000000        0x0 Drivers\CMSIS\Device\ST\STM32F1xx\Source\Templates\system_stm32f1xx.o
 .data          0x00000000        0x0 Drivers\CMSIS\Device\ST\STM32F1xx\Source\Templates\system_stm32f1xx.o
 .bss           0x00000000        0x0 Drivers\CMSIS\Device\ST\STM32F1xx\Source\Templates\system_stm32f1xx.o
 .text.SystemCoreClockUpdate
                0x00000000       0x9c Drivers\CMSIS\Device\ST\STM32F1xx\Source\Templates\system_stm32f1xx.o
 .rodata.APBPrescTable
                0x00000000        0x8 Drivers\CMSIS\Device\ST\STM32F1xx\Source\Templates\system_stm32f1xx.o
 .text          0x00000000        0x0 Drivers\STM32F1xx_HAL_Driver\Src\stm32f1xx_hal.o
 .data          0x00000000        0x0 Drivers\STM32F1xx_HAL_Driver\Src\stm32f1xx_hal.o
 .bss           0x00000000        0x0 Drivers\STM32F1xx_HAL_Driver\Src\stm32f1xx_hal.o
 .text.HAL_MspInit
                0x00000000        0x2 Drivers\STM32F1xx_HAL_Driver\Src\stm32f1xx_hal.o
 .text.HAL_MspDeInit
                0x00000000        0x2 Drivers\STM32F1xx_HAL_Driver\Src\stm32f1xx_hal.o
 .text.HAL_DeInit
                0x00000000       0x24 Drivers\STM32F1xx_HAL_Driver\Src\stm32f1xx_hal.o
[...]
Memory Configuration

Name             Origin             Length             Attributes
RAM              0x20000000         0x00010000         xrw
FLASH            0x08000000         0x00040000         xr
*default*        0x00000000         0xffffffff

Linker script and memory map

LOAD c:/program files (x86)/atollic/truestudio for arm 7.0.1/armtools/bin/../lib/gcc/arm-atollic-eabi/5.3.1/armv7-m/crti.o
LOAD c:/program files (x86)/atollic/truestudio for arm 7.0.1/armtools/bin/../lib/gcc/arm-atollic-eabi/5.3.1/armv7-m/crtbegin.o
LOAD Drivers\CMSIS\Device\ST\STM32F1xx\Source\Templates\gcc\startup_stm32f105xc.o
LOAD Drivers\CMSIS\Device\ST\STM32F1xx\Source\Templates\system_stm32f1xx.o
LOAD Drivers\STM32F1xx_HAL_Driver\Src\stm32f1xx_hal.o
LOAD Drivers\STM32F1xx_HAL_Driver\Src\stm32f1xx_hal_adc.o
LOAD Drivers\STM32F1xx_HAL_Driver\Src\stm32f1xx_hal_adc_ex.o
LOAD Drivers\STM32F1xx_HAL_Driver\Src\stm32f1xx_hal_cortex.o
LOAD Drivers\STM32F1xx_HAL_Driver\Src\stm32f1xx_hal_dma.o
LOAD Drivers\STM32F1xx_HAL_Driver\Src\stm32f1xx_hal_flash.o
LOAD Drivers\STM32F1xx_HAL_Driver\Src\stm32f1xx_hal_flash_ex.o
LOAD Drivers\STM32F1xx_HAL_Driver\Src\stm32f1xx_hal_gpio.o
LOAD Drivers\STM32F1xx_HAL_Driver\Src\stm32f1xx_hal_gpio_ex.o
LOAD Drivers\STM32F1xx_HAL_Driver\Src\stm32f1xx_hal_pwr.o
LOAD Drivers\STM32F1xx_HAL_Driver\Src\stm32f1xx_hal_rcc.o
LOAD Drivers\STM32F1xx_HAL_Driver\Src\stm32f1xx_hal_rcc_ex.o
LOAD Drivers\STM32F1xx_HAL_Driver\Src\stm32f1xx_hal_tim.o
LOAD Drivers\STM32F1xx_HAL_Driver\Src\stm32f1xx_hal_tim_ex.o
LOAD Src\main.o
LOAD Src\stm32f1xx_hal_msp.o
LOAD Src\stm32f1xx_it.o
START GROUP
LOAD c:/program files (x86)/atollic/truestudio for arm 7.0.1/armtools/bin/../lib/gcc/arm-atollic-eabi/5.3.1/../../../../arm-atollic-eabi/lib/armv7-m\libc.a
LOAD c:/program files (x86)/atollic/truestudio for arm 7.0.1/armtools/bin/../lib/gcc/arm-atollic-eabi/5.3.1/../../../../arm-atollic-eabi/lib/armv7-m\libm.a
END GROUP
                0x00000080                malloc_getpagesize_P = 0x80
START GROUP
LOAD c:/program files (x86)/atollic/truestudio for arm 7.0.1/armtools/bin/../lib/gcc/arm-atollic-eabi/5.3.1/armv7-m\libgcc.a
LOAD c:/program files (x86)/atollic/truestudio for arm 7.0.1/armtools/bin/../lib/gcc/arm-atollic-eabi/5.3.1/../../../../arm-atollic-eabi/lib/armv7-m\libc.a
END GROUP
START GROUP
LOAD c:/program files (x86)/atollic/truestudio for arm 7.0.1/armtools/bin/../lib/gcc/arm-atollic-eabi/5.3.1/armv7-m\libgcc.a
LOAD c:/program files (x86)/atollic/truestudio for arm 7.0.1/armtools/bin/../lib/gcc/arm-atollic-eabi/5.3.1/../../../../arm-atollic-eabi/lib/armv7-m\libc.a
LOAD c:/program files (x86)/atollic/truestudio for arm 7.0.1/armtools/bin/../lib/gcc/arm-atollic-eabi/5.3.1/../../../../arm-atollic-eabi/lib/armv7-m\libnosys.a
END GROUP
LOAD c:/program files (x86)/atollic/truestudio for arm 7.0.1/armtools/bin/../lib/gcc/arm-atollic-eabi/5.3.1/armv7-m/crtend.o
LOAD c:/program files (x86)/atollic/truestudio for arm 7.0.1/armtools/bin/../lib/gcc/arm-atollic-eabi/5.3.1/armv7-m/crtn.o
                0x20010000                _estack = 0x20010000
                0x00000200                _Min_Heap_Size = 0x200
                0x00000400                _Min_Stack_Size = 0x400

.isr_vector     0x08000000      0x1e4
                0x08000000                . = ALIGN (0x4)
 *(.isr_vector)
 .isr_vector    0x08000000      0x1e4 Drivers\CMSIS\Device\ST\STM32F1xx\Source\Templates\gcc\startup_stm32f105xc.o
                0x08000000                g_pfnVectors
                0x080001e4                . = ALIGN (0x4)

.text           0x080001e8     0x3a28
                0x080001e8                . = ALIGN (0x4)
 *(.text)
 .text          0x080001e8       0x40 c:/program files (x86)/atollic/truestudio for arm 7.0.1/armtools/bin/../lib/gcc/arm-atollic-eabi/5.3.1/armv7-m/crtbegin.o
 .text          0x08000228      0x370 c:/program files (x86)/atollic/truestudio for arm 7.0.1/armtools/bin/../lib/gcc/arm-atollic-eabi/5.3.1/armv7-m\libgcc.a(_arm_addsubdf3.o)
                0x08000228                __aeabi_drsub
                0x08000230                __aeabi_dsub
                0x08000230                __subdf3
                0x08000234                __aeabi_dadd
                0x08000234                __adddf3
                0x080004ac                __floatunsidf
                0x080004ac                __aeabi_ui2d
                0x080004cc                __floatsidf
                0x080004cc                __aeabi_i2d
                0x080004f0                __aeabi_f2d
                0x080004f0                __extendsfdf2
                0x0800052c                __floatundidf
                0x0800052c                __aeabi_ul2d
                0x0800053c                __floatdidf
                0x0800053c                __aeabi_l2d
 .text          0x08000598      0x424 c:/program files (x86)/atollic/truestudio for arm 7.0.1/armtools/bin/../lib/gcc/arm-atollic-eabi/5.3.1/armv7-m\libgcc.a(_arm_muldivdf3.o)
                0x08000598                __aeabi_dmul
                0x08000598                __muldf3
                0x080007ec                __divdf3
                0x080007ec                __aeabi_ddiv
 .text          0x080009bc      0x110 c:/program files (x86)/atollic/truestudio for arm 7.0.1/armtools/bin/../lib/gcc/arm-atollic-eabi/5.3.1/armv7-m\libgcc.a(_arm_cmpdf2.o)
                0x080009bc                __gtdf2
                0x080009bc                __gedf2
                0x080009c4                __ltdf2
                0x080009c4                __ledf2
                0x080009cc                __nedf2
                0x080009cc                __eqdf2
                0x080009cc                __cmpdf2
                0x08000a48                __aeabi_cdrcmple
                0x08000a58                __aeabi_cdcmpeq
                0x08000a58                __aeabi_cdcmple
                0x08000a68                __aeabi_dcmpeq
                0x08000a7c                __aeabi_dcmplt
                0x08000a90                __aeabi_dcmple
                0x08000aa4                __aeabi_dcmpge
                0x08000ab8                __aeabi_dcmpgt
 .text          0x08000acc       0xa0 c:/program files (x86)/atollic/truestudio for arm 7.0.1/armtools/bin/../lib/gcc/arm-atollic-eabi/5.3.1/armv7-m\libgcc.a(_arm_truncdfsf2.o)
                0x08000acc                __truncdfsf2
                0x08000acc                __aeabi_d2f
 .text          0x08000b6c      0x21c c:/program files (x86)/atollic/truestudio for arm 7.0.1/armtools/bin/../lib/gcc/arm-atollic-eabi/5.3.1/armv7-m\libgcc.a(_arm_addsubsf3.o)
                0x08000b6c                __aeabi_frsub
                0x08000b74                __subsf3
                0x08000b74                __aeabi_fsub
                0x08000b78                __aeabi_fadd
                0x08000b78                __addsf3
                0x08000cd8                __aeabi_ui2f
                0x08000cd8                __floatunsisf
                0x08000ce0                __aeabi_i2f
                0x08000ce0                __floatsisf
                0x08000cfc                __aeabi_ul2f
                0x08000cfc                __floatundisf
                0x08000d0c                __aeabi_l2f
                0x08000d0c                __floatdisf
 .text          0x08000d88      0x2a0 c:/program files (x86)/atollic/truestudio for arm 7.0.1/armtools/bin/../lib/gcc/arm-atollic-eabi/5.3.1/armv7-m\libgcc.a(_arm_muldivsf3.o)
                0x08000d88                __mulsf3
                0x08000d88                __aeabi_fmul
                0x08000ef0                __aeabi_fdiv
                0x08000ef0                __divsf3
 .text          0x08001028       0xec c:/program files (x86)/atollic/truestudio for arm 7.0.1/armtools/bin/../lib/gcc/arm-atollic-eabi/5.3.1/armv7-m\libgcc.a(_arm_cmpsf2.o)
                0x08001028                __gesf2
                0x08001028                __gtsf2
                0x08001030                __lesf2
                0x08001030                __ltsf2
                0x08001038                __nesf2
                0x08001038                __eqsf2
                0x08001038                __cmpsf2
                0x08001098                __aeabi_cfrcmple
                0x080010a0                __aeabi_cfcmpeq
                0x080010a0                __aeabi_cfcmple
                0x080010b0                __aeabi_fcmpeq
                0x080010c4                __aeabi_fcmplt
                0x080010d8                __aeabi_fcmple
                0x080010ec                __aeabi_fcmpge
                0x08001100                __aeabi_fcmpgt
 .text          0x08001114       0x40 c:/program files (x86)/atollic/truestudio for arm 7.0.1/armtools/bin/../lib/gcc/arm-atollic-eabi/5.3.1/armv7-m\libgcc.a(_arm_fixunssfsi.o)
                0x08001114                __fixunssfsi
                0x08001114                __aeabi_f2uiz
 *(.text*)
 .text.Reset_Handler
                0x08001154       0x44 Drivers\CMSIS\Device\ST\STM32F1xx\Source\Templates\gcc\startup_stm32f105xc.o
                0x08001154                Reset_Handler
 .text.Default_Handler
                0x08001198        0x2 Drivers\CMSIS\Device\ST\STM32F1xx\Source\Templates\gcc\startup_stm32f105xc.o
                0x08001198                RTC_Alarm_IRQHandler
                0x08001198                EXTI2_IRQHandler
                0x08001198                TIM1_CC_IRQHandler
                0x08001198                TIM6_IRQHandler
                0x08001198                PVD_IRQHandler
                0x08001198                CAN2_RX1_IRQHandler
                0x08001198                EXTI3_IRQHandler
                0x08001198                EXTI0_IRQHandler
                0x08001198                I2C2_EV_IRQHandler
                0x08001198                CAN1_RX0_IRQHandler
                0x08001198                CAN2_SCE_IRQHandler
                0x08001198                ADC1_2_IRQHandler
                0x08001198                SPI1_IRQHandler
                0x08001198                TAMPER_IRQHandler
                0x08001198                CAN2_RX0_IRQHandler
                0x08001198                DMA2_Channel2_IRQHandler
                0x08001198                DMA1_Channel4_IRQHandler
                0x08001198                USART3_IRQHandler
                0x08001198                RTC_IRQHandler
                0x08001198                DMA1_Channel7_IRQHandler
                0x08001198                CAN1_RX1_IRQHandler
                0x08001198                UART5_IRQHandler
                0x08001198                TIM4_IRQHandler
                0x08001198                DMA2_Channel1_IRQHandler
                0x08001198                I2C1_EV_IRQHandler
                0x08001198                DMA1_Channel6_IRQHandler
                0x08001198                UART4_IRQHandler
                0x08001198                DMA2_Channel4_IRQHandler
                0x08001198                TIM3_IRQHandler
                0x08001198                RCC_IRQHandler
                0x08001198                TIM1_TRG_COM_IRQHandler
                0x08001198                Default_Handler
                0x08001198                EXTI15_10_IRQHandler
                0x08001198                TIM7_IRQHandler
                0x08001198                CAN2_TX_IRQHandler
                0x08001198                TIM5_IRQHandler
                0x08001198                EXTI9_5_IRQHandler
                0x08001198                SPI2_IRQHandler
                0x08001198                CAN1_TX_IRQHandler
                0x08001198                DMA2_Channel5_IRQHandler
                0x08001198                DMA1_Channel5_IRQHandler
                0x08001198                EXTI4_IRQHandler
                0x08001198                DMA1_Channel3_IRQHandler
                0x08001198                TIM1_UP_IRQHandler
                0x08001198                WWDG_IRQHandler
                0x08001198                OTG_FS_WKUP_IRQHandler
                0x08001198                TIM1_BRK_IRQHandler
                0x08001198                EXTI1_IRQHandler
                0x08001198                USART2_IRQHandler
                0x08001198                I2C2_ER_IRQHandler
                0x08001198                DMA1_Channel2_IRQHandler
                0x08001198                CAN1_SCE_IRQHandler
                0x08001198                FLASH_IRQHandler
                0x08001198                USART1_IRQHandler
                0x08001198                OTG_FS_IRQHandler
                0x08001198                SPI3_IRQHandler
                0x08001198                I2C1_ER_IRQHandler
                0x08001198                DMA2_Channel3_IRQHandler
 *fill*         0x0800119a        0x2 
 .text.SystemInit
                0x0800119c       0x58 Drivers\CMSIS\Device\ST\STM32F1xx\Source\Templates\system_stm32f1xx.o
                0x0800119c                SystemInit
 .text.HAL_InitTick
                0x080011f4       0x24 Drivers\STM32F1xx_HAL_Driver\Src\stm32f1xx_hal.o
                0x080011f4                HAL_InitTick
 .text.HAL_Init
                0x08001218       0x24 Drivers\STM32F1xx_HAL_Driver\Src\stm32f1xx_hal.o
                0x08001218                HAL_Init
 .text.HAL_IncTick
                0x0800123c       0x10 Drivers\STM32F1xx_HAL_Driver\Src\stm32f1xx_hal.o
                0x0800123c                HAL_IncTick
 .text.HAL_GetTick
                0x0800124c        0xc Drivers\STM32F1xx_HAL_Driver\Src\stm32f1xx_hal.o
                0x0800124c                HAL_GetTick
 .text.HAL_Delay
                0x08001258       0x1a Drivers\STM32F1xx_HAL_Driver\Src\stm32f1xx_hal.o
                0x08001258                HAL_Delay
 .text.HAL_ADC_ConvCpltCallback
                0x08001272        0x2 Drivers\STM32F1xx_HAL_Driver\Src\stm32f1xx_hal_adc.o
                0x08001272                HAL_ADC_ConvCpltCallback
 .text.ADC_DMAConvCplt
                0x08001274       0x4e Drivers\STM32F1xx_HAL_Driver\Src\stm32f1xx_hal_adc.o
                0x08001274                ADC_DMAConvCplt
 .text.HAL_ADC_ConvHalfCpltCallback
                0x080012c2        0x2 Drivers\STM32F1xx_HAL_Driver\Src\stm32f1xx_hal_adc.o
                0x080012c2                HAL_ADC_ConvHalfCpltCallback
 .text.ADC_DMAHalfConvCplt
                0x080012c4        0xa Drivers\STM32F1xx_HAL_Driver\Src\stm32f1xx_hal_adc.o
                0x080012c4                ADC_DMAHalfConvCplt
 .text.HAL_ADC_ErrorCallback
                0x080012ce        0x2 Drivers\STM32F1xx_HAL_Driver\Src\stm32f1xx_hal_adc.o
                0x080012ce                HAL_ADC_ErrorCallback
 .text.ADC_DMAError
                0x080012d0       0x1a Drivers\STM32F1xx_HAL_Driver\Src\stm32f1xx_hal_adc.o
                0x080012d0                ADC_DMAError
 *fill*         0x080012ea        0x2 
 .text.HAL_ADC_ConfigChannel
                0x080012ec      0x180 Drivers\STM32F1xx_HAL_Driver\Src\stm32f1xx_hal_adc.o
                0x080012ec                HAL_ADC_ConfigChannel
 .text.ADC_Enable
                0x0800146c       0x70 Drivers\STM32F1xx_HAL_Driver\Src\stm32f1xx_hal_adc.o
                0x0800146c                ADC_Enable
 .text.HAL_ADC_Start_DMA
                0x080014dc      0x120 Drivers\STM32F1xx_HAL_Driver\Src\stm32f1xx_hal_adc.o
                0x080014dc                HAL_ADC_Start_DMA
 .text.ADC_ConversionStop_Disable
                0x080015fc       0x44 Drivers\STM32F1xx_HAL_Driver\Src\stm32f1xx_hal_adc.o
                0x080015fc                ADC_ConversionStop_Disable
 .text.HAL_ADC_Init
                0x08001640      0x128 Drivers\STM32F1xx_HAL_Driver\Src\stm32f1xx_hal_adc.o
                0x08001640                HAL_ADC_Init
 .text.HAL_NVIC_SetPriorityGrouping
                0x08001768       0x24 Drivers\STM32F1xx_HAL_Driver\Src\stm32f1xx_hal_cortex.o
                0x08001768                HAL_NVIC_SetPriorityGrouping
 .text.HAL_NVIC_SetPriority
                0x0800178c       0x68 Drivers\STM32F1xx_HAL_Driver\Src\stm32f1xx_hal_cortex.o
                0x0800178c                HAL_NVIC_SetPriority
 .text.HAL_NVIC_EnableIRQ
                0x080017f4       0x18 Drivers\STM32F1xx_HAL_Driver\Src\stm32f1xx_hal_cortex.o
                0x080017f4                HAL_NVIC_EnableIRQ
 .text.HAL_SYSTICK_Config
                0x0800180c       0x2c Drivers\STM32F1xx_HAL_Driver\Src\stm32f1xx_hal_cortex.o
                0x0800180c                HAL_SYSTICK_Config
 .text.HAL_SYSTICK_CLKSourceConfig
                0x08001838       0x18 Drivers\STM32F1xx_HAL_Driver\Src\stm32f1xx_hal_cortex.o
                0x08001838                HAL_SYSTICK_CLKSourceConfig
 .text.HAL_SYSTICK_Callback
                0x08001850        0x2 Drivers\STM32F1xx_HAL_Driver\Src\stm32f1xx_hal_cortex.o
                0x08001850                HAL_SYSTICK_Callback
 .text.HAL_SYSTICK_IRQHandler
                0x08001852        0x8 Drivers\STM32F1xx_HAL_Driver\Src\stm32f1xx_hal_cortex.o
                0x08001852                HAL_SYSTICK_IRQHandler
 .text.HAL_DMA_Init
                0x0800185a       0x4a Drivers\STM32F1xx_HAL_Driver\Src\stm32f1xx_hal_dma.o
                0x0800185a                HAL_DMA_Init
 .text.HAL_DMA_Start_IT
                0x080018a4       0x5a Drivers\STM32F1xx_HAL_Driver\Src\stm32f1xx_hal_dma.o
                0x080018a4                HAL_DMA_Start_IT
 *fill*         0x080018fe        0x2 
 .text.HAL_DMA_IRQHandler
                0x08001900      0x414 Drivers\STM32F1xx_HAL_Driver\Src\stm32f1xx_hal_dma.o
                0x08001900                HAL_DMA_IRQHandler
 .text.HAL_GPIO_Init
                0x08001d14      0x1b0 Drivers\STM32F1xx_HAL_Driver\Src\stm32f1xx_hal_gpio.o
                0x08001d14                HAL_GPIO_Init
 .text.HAL_GPIO_WritePin
                0x08001ec4        0x8 Drivers\STM32F1xx_HAL_Driver\Src\stm32f1xx_hal_gpio.o
                0x08001ec4                HAL_GPIO_WritePin
 .text.HAL_GPIO_TogglePin
                0x08001ecc        0x8 Drivers\STM32F1xx_HAL_Driver\Src\stm32f1xx_hal_gpio.o
                0x08001ecc                HAL_GPIO_TogglePin
 .text.HAL_RCC_OscConfig
                0x08001ed4      0x604 Drivers\STM32F1xx_HAL_Driver\Src\stm32f1xx_hal_rcc.o
                0x08001ed4                HAL_RCC_OscConfig
 .text.HAL_RCC_GetSysClockFreq
                0x080024d8      0x100 Drivers\STM32F1xx_HAL_Driver\Src\stm32f1xx_hal_rcc.o
                0x080024d8                HAL_RCC_GetSysClockFreq
 .text.HAL_RCC_ClockConfig
                0x080025d8      0x164 Drivers\STM32F1xx_HAL_Driver\Src\stm32f1xx_hal_rcc.o
                0x080025d8                HAL_RCC_ClockConfig
 .text.HAL_RCC_GetHCLKFreq
                0x0800273c        0xc Drivers\STM32F1xx_HAL_Driver\Src\stm32f1xx_hal_rcc.o
                0x0800273c                HAL_RCC_GetHCLKFreq
 .text.HAL_RCCEx_PeriphCLKConfig
                0x08002748      0x1cc Drivers\STM32F1xx_HAL_Driver\Src\stm32f1xx_hal_rcc_ex.o
                0x08002748                HAL_RCCEx_PeriphCLKConfig
 .text.TIM_OC1_SetConfig
                0x08002914       0x50 Drivers\STM32F1xx_HAL_Driver\Src\stm32f1xx_hal_tim.o
 .text.TIM_OC3_SetConfig
                0x08002964       0x58 Drivers\STM32F1xx_HAL_Driver\Src\stm32f1xx_hal_tim.o
 .text.TIM_OC4_SetConfig
                0x080029bc       0x44 Drivers\STM32F1xx_HAL_Driver\Src\stm32f1xx_hal_tim.o
 .text.HAL_TIM_Base_Start_IT
                0x08002a00       0x16 Drivers\STM32F1xx_HAL_Driver\Src\stm32f1xx_hal_tim.o
                0x08002a00                HAL_TIM_Base_Start_IT
 .text.HAL_TIM_OC_MspInit
                0x08002a16        0x2 Drivers\STM32F1xx_HAL_Driver\Src\stm32f1xx_hal_tim.o
                0x08002a16                HAL_TIM_OC_MspInit
 .text.HAL_TIM_PWM_MspInit
                0x08002a18        0x2 Drivers\STM32F1xx_HAL_Driver\Src\stm32f1xx_hal_tim.o
                0x08002a18                HAL_TIM_PWM_MspInit
 .text.HAL_TIM_ConfigClockSource
                0x08002a1a      0x174 Drivers\STM32F1xx_HAL_Driver\Src\stm32f1xx_hal_tim.o
                0x08002a1a                HAL_TIM_ConfigClockSource
 .text.HAL_TIM_OC_DelayElapsedCallback
                0x08002b8e        0x2 Drivers\STM32F1xx_HAL_Driver\Src\stm32f1xx_hal_tim.o
                0x08002b8e                HAL_TIM_OC_DelayElapsedCallback
 .text.HAL_TIM_IC_CaptureCallback
                0x08002b90        0x2 Drivers\STM32F1xx_HAL_Driver\Src\stm32f1xx_hal_tim.o
                0x08002b90                HAL_TIM_IC_CaptureCallback
 .text.HAL_TIM_PWM_PulseFinishedCallback
                0x08002b92        0x2 Drivers\STM32F1xx_HAL_Driver\Src\stm32f1xx_hal_tim.o
                0x08002b92                HAL_TIM_PWM_PulseFinishedCallback
 .text.HAL_TIM_TriggerCallback
                0x08002b94        0x2 Drivers\STM32F1xx_HAL_Driver\Src\stm32f1xx_hal_tim.o
                0x08002b94                HAL_TIM_TriggerCallback
 .text.HAL_TIM_IRQHandler
                0x08002b96      0x144 Drivers\STM32F1xx_HAL_Driver\Src\stm32f1xx_hal_tim.o
                0x08002b96                HAL_TIM_IRQHandler
 *fill*         0x08002cda        0x2 
 .text.TIM_Base_SetConfig
                0x08002cdc       0x78 Drivers\STM32F1xx_HAL_Driver\Src\stm32f1xx_hal_tim.o
                0x08002cdc                TIM_Base_SetConfig
 .text.HAL_TIM_Base_Init
                0x08002d54       0x34 Drivers\STM32F1xx_HAL_Driver\Src\stm32f1xx_hal_tim.o
                0x08002d54                HAL_TIM_Base_Init
 .text.HAL_TIM_OC_Init
                0x08002d88       0x34 Drivers\STM32F1xx_HAL_Driver\Src\stm32f1xx_hal_tim.o
                0x08002d88                HAL_TIM_OC_Init
 .text.HAL_TIM_PWM_Init
                0x08002dbc       0x34 Drivers\STM32F1xx_HAL_Driver\Src\stm32f1xx_hal_tim.o
                0x08002dbc                HAL_TIM_PWM_Init
 .text.TIM_OC2_SetConfig
                0x08002df0       0x58 Drivers\STM32F1xx_HAL_Driver\Src\stm32f1xx_hal_tim.o
                0x08002df0                TIM_OC2_SetConfig
 .text.HAL_TIM_OC_ConfigChannel
                0x08002e48       0x5c Drivers\STM32F1xx_HAL_Driver\Src\stm32f1xx_hal_tim.o
                0x08002e48                HAL_TIM_OC_ConfigChannel
 .text.HAL_TIM_PWM_ConfigChannel
                0x08002ea4       0xc6 Drivers\STM32F1xx_HAL_Driver\Src\stm32f1xx_hal_tim.o
                0x08002ea4                HAL_TIM_PWM_ConfigChannel
 .text.TIM_CCxChannelCmd
                0x08002f6a       0x1a Drivers\STM32F1xx_HAL_Driver\Src\stm32f1xx_hal_tim.o
                0x08002f6a                TIM_CCxChannelCmd
 .text.HAL_TIM_PWM_Start
                0x08002f84       0x2c Drivers\STM32F1xx_HAL_Driver\Src\stm32f1xx_hal_tim.o
                0x08002f84                HAL_TIM_PWM_Start
 .text.HAL_TIMEx_MasterConfigSynchronization
                0x08002fb0       0x44 Drivers\STM32F1xx_HAL_Driver\Src\stm32f1xx_hal_tim_ex.o
                0x08002fb0                HAL_TIMEx_MasterConfigSynchronization
 .text.HAL_TIMEx_CommutationCallback
                0x08002ff4        0x2 Drivers\STM32F1xx_HAL_Driver\Src\stm32f1xx_hal_tim_ex.o
                0x08002ff4                HAL_TIMEx_CommutationCallback
 .text.HAL_TIMEx_BreakCallback
                0x08002ff6        0x2 Drivers\STM32F1xx_HAL_Driver\Src\stm32f1xx_hal_tim_ex.o
                0x08002ff6                HAL_TIMEx_BreakCallback
 .text.HAL_TIM_PeriodElapsedCallback
                0x08002ff8      0x698 Src\main.o
                0x08002ff8                HAL_TIM_PeriodElapsedCallback
 .text.SystemClock_Config
                0x08003690       0x9c Src\main.o
                0x08003690                SystemClock_Config
 .text.startup.main
                0x0800372c      0x2e0 Src\main.o
                0x0800372c                main
 .text.Error_Handler
                0x08003a0c        0x2 Src\main.o
                0x08003a0c                Error_Handler
 *fill*         0x08003a0e        0x2 
 .text.HAL_MspInit
                0x08003a10       0x8c Src\stm32f1xx_hal_msp.o
                0x08003a10                HAL_MspInit
 .text.HAL_ADC_MspInit
                0x08003a9c       0x8c Src\stm32f1xx_hal_msp.o
                0x08003a9c                HAL_ADC_MspInit
 .text.HAL_TIM_Base_MspInit
                0x08003b28       0x5c Src\stm32f1xx_hal_msp.o
                0x08003b28                HAL_TIM_Base_MspInit
 .text.HAL_TIM_MspPostInit
                0x08003b84       0x3c Src\stm32f1xx_hal_msp.o
                0x08003b84                HAL_TIM_MspPostInit
 .text.NMI_Handler
                0x08003bc0        0x2 Src\stm32f1xx_it.o
                0x08003bc0                NMI_Handler
 .text.HardFault_Handler
                0x08003bc2        0x2 Src\stm32f1xx_it.o
                0x08003bc2                HardFault_Handler
 .text.MemManage_Handler
                0x08003bc4        0x2 Src\stm32f1xx_it.o
                0x08003bc4                MemManage_Handler
 .text.BusFault_Handler
                0x08003bc6        0x2 Src\stm32f1xx_it.o
                0x08003bc6                BusFault_Handler
 .text.UsageFault_Handler
                0x08003bc8        0x2 Src\stm32f1xx_it.o
                0x08003bc8                UsageFault_Handler
 .text.SVC_Handler
                0x08003bca        0x2 Src\stm32f1xx_it.o
                0x08003bca                SVC_Handler
 .text.DebugMon_Handler
                0x08003bcc        0x2 Src\stm32f1xx_it.o
                0x08003bcc                DebugMon_Handler
 .text.PendSV_Handler
                0x08003bce        0x2 Src\stm32f1xx_it.o
                0x08003bce                PendSV_Handler
 .text.SysTick_Handler
                0x08003bd0        0xe Src\stm32f1xx_it.o
                0x08003bd0                SysTick_Handler
 *fill*         0x08003bde        0x2 
 .text.DMA1_Channel1_IRQHandler
                0x08003be0        0xc Src\stm32f1xx_it.o
                0x08003be0                DMA1_Channel1_IRQHandler
 .text.TIM2_IRQHandler
                0x08003bec        0xc Src\stm32f1xx_it.o
                0x08003bec                TIM2_IRQHandler
 *(.glue_7)
 .glue_7        0x08003bf8        0x0 linker stubs
 *(.glue_7t)
 .glue_7t       0x08003bf8        0x0 linker stubs
 *(.eh_frame)
 .eh_frame      0x08003bf8        0x0 c:/program files (x86)/atollic/truestudio for arm 7.0.1/armtools/bin/../lib/gcc/arm-atollic-eabi/5.3.1/armv7-m/crtbegin.o
 *(.init)
 .init          0x08003bf8        0x4 c:/program files (x86)/atollic/truestudio for arm 7.0.1/armtools/bin/../lib/gcc/arm-atollic-eabi/5.3.1/armv7-m/crti.o
                0x08003bf8                _init
 .init          0x08003bfc        0x8 c:/program files (x86)/atollic/truestudio for arm 7.0.1/armtools/bin/../lib/gcc/arm-atollic-eabi/5.3.1/armv7-m/crtn.o
 *(.fini)
 .fini          0x08003c04        0x4 c:/program files (x86)/atollic/truestudio for arm 7.0.1/armtools/bin/../lib/gcc/arm-atollic-eabi/5.3.1/armv7-m/crti.o
                0x08003c04                _fini
 .fini          0x08003c08        0x8 c:/program files (x86)/atollic/truestudio for arm 7.0.1/armtools/bin/../lib/gcc/arm-atollic-eabi/5.3.1/armv7-m/crtn.o
                0x08003c10                . = ALIGN (0x4)
                0x08003c10                _etext = .

.vfp11_veneer   0x08003c10        0x0
 .vfp11_veneer  0x08003c10        0x0 linker stubs

.v4_bx          0x08003c10        0x0
 .v4_bx         0x08003c10        0x0 linker stubs

.iplt           0x08003c10        0x0
 .iplt          0x08003c10        0x0 c:/program files (x86)/atollic/truestudio for arm 7.0.1/armtools/bin/../lib/gcc/arm-atollic-eabi/5.3.1/armv7-m/crtbegin.o

.rodata         0x08003c10       0x2c
                0x08003c10                . = ALIGN (0x4)
 *(.rodata)
 .rodata        0x08003c10       0x1c Drivers\STM32F1xx_HAL_Driver\Src\stm32f1xx_hal_rcc.o
 *(.rodata*)
 .rodata.AHBPrescTable
                0x08003c2c       0x10 Drivers\CMSIS\Device\ST\STM32F1xx\Source\Templates\system_stm32f1xx.o
                0x08003c2c                AHBPrescTable
                0x08003c3c                . = ALIGN (0x4)

.rel.dyn        0x08003c3c        0x0
 .rel.iplt      0x08003c3c        0x0 c:/program files (x86)/atollic/truestudio for arm 7.0.1/armtools/bin/../lib/gcc/arm-atollic-eabi/5.3.1/armv7-m/crtbegin.o

.ARM.extab
 *(.ARM.extab* .gnu.linkonce.armextab.*)

.ARM            0x08003c3c        0x0
                0x08003c3c                __exidx_start = .
 *(.ARM.exidx*)
                0x08003c3c                __exidx_end = .

.preinit_array  0x08003c3c        0x0
                [!provide]                PROVIDE (__preinit_array_start, .)
 *(.preinit_array*)
                [!provide]                PROVIDE (__preinit_array_end, .)

.init_array     0x08003c3c        0x4
                [!provide]                PROVIDE (__init_array_start, .)
 *(SORT(.init_array.*))
 *(.init_array*)
 .init_array    0x08003c3c        0x4 c:/program files (x86)/atollic/truestudio for arm 7.0.1/armtools/bin/../lib/gcc/arm-atollic-eabi/5.3.1/armv7-m/crtbegin.o
                [!provide]                PROVIDE (__init_array_end, .)

.fini_array     0x08003c40        0x4
                [!provide]                PROVIDE (__fini_array_start, .)
 *(SORT(.fini_array.*))
 *(.fini_array*)
 .fini_array    0x08003c40        0x4 c:/program files (x86)/atollic/truestudio for arm 7.0.1/armtools/bin/../lib/gcc/arm-atollic-eabi/5.3.1/armv7-m/crtbegin.o
                [!provide]                PROVIDE (__fini_array_end, .)
                0x08003c44                _sidata = LOADADDR (.data)

.data           0x20000000        0x4 load address 0x08003c44
                0x20000000                . = ALIGN (0x4)
                0x20000000                _sdata = .
 *(.data)
 *(.data*)
 .data.SystemCoreClock
                0x20000000        0x4 Drivers\CMSIS\Device\ST\STM32F1xx\Source\Templates\system_stm32f1xx.o
                0x20000000                SystemCoreClock
                0x20000004                . = ALIGN (0x4)
                0x20000004                _edata = .

.igot.plt       0x20000004        0x0 load address 0x08003c48
 .igot.plt      0x20000004        0x0 c:/program files (x86)/atollic/truestudio for arm 7.0.1/armtools/bin/../lib/gcc/arm-atollic-eabi/5.3.1/armv7-m/crtbegin.o
                0x20000004                . = ALIGN (0x4)

.bss            0x20000004      0x1c0 load address 0x08003c48
                0x20000004                _sbss = .
                0x20000004                __bss_start__ = _sbss
 *(.bss)
 .bss           0x20000004       0x1c c:/program files (x86)/atollic/truestudio for arm 7.0.1/armtools/bin/../lib/gcc/arm-atollic-eabi/5.3.1/armv7-m/crtbegin.o
 *(.bss*)
 .bss.uwTick    0x20000020        0x4 Drivers\STM32F1xx_HAL_Driver\Src\stm32f1xx_hal.o
 .bss.time      0x20000024        0x4 Src\main.o
                0x20000024                time
 *(COMMON)
 COMMON         0x20000028      0x19c Src\main.o
                0x20000028                ADC
                0x20000048                in
                0x20000070                htim3
                0x200000ac                state
                0x200000b4                hadc1
                0x200000e4                val
                0x2000010c                hdma_adc1
                0x20000144                pwm
                0x20000154                htim2
                0x20000190                avg
                0x200001b8                ice
                0x200001c4                . = ALIGN (0x4)
                0x200001c4                _ebss = .
                0x200001c4                __bss_end__ = _ebss

._user_heap_stack
                0x200001c4      0x600 load address 0x08003c48
                0x200001c4                . = ALIGN (0x4)
                [!provide]                PROVIDE (end, .)
                [!provide]                PROVIDE (_end, .)
                0x200003c4                . = (. + _Min_Heap_Size)
 *fill*         0x200001c4      0x200 
                0x200007c4                . = (. + _Min_Stack_Size)
 *fill*         0x200003c4      0x400 
                0x200007c4                . = ALIGN (0x4)

/DISCARD/
 libc.a(*)
 libm.a(*)
 libgcc.a(*)

.ARM.attributes
                0x00000000       0x29
 *(.ARM.attributes)
 .ARM.attributes
                0x00000000       0x1d c:/program files (x86)/atollic/truestudio for arm 7.0.1/armtools/bin/../lib/gcc/arm-atollic-eabi/5.3.1/armv7-m/crti.o
 .ARM.attributes
                0x0000001d       0x2d c:/program files (x86)/atollic/truestudio for arm 7.0.1/armtools/bin/../lib/gcc/arm-atollic-eabi/5.3.1/armv7-m/crtbegin.o
 .ARM.attributes
                0x0000004a       0x21 Drivers\CMSIS\Device\ST\STM32F1xx\Source\Templates\gcc\startup_stm32f105xc.o
 .ARM.attributes
                0x0000006b       0x33 Drivers\CMSIS\Device\ST\STM32F1xx\Source\Templates\system_stm32f1xx.o
 .ARM.attributes
                0x0000009e       0x33 Drivers\STM32F1xx_HAL_Driver\Src\stm32f1xx_hal.o
 .ARM.attributes
                0x000000d1       0x33 Drivers\STM32F1xx_HAL_Driver\Src\stm32f1xx_hal_adc.o
 .ARM.attributes
                0x00000104       0x33 Drivers\STM32F1xx_HAL_Driver\Src\stm32f1xx_hal_cortex.o
 .ARM.attributes
                0x00000137       0x33 Drivers\STM32F1xx_HAL_Driver\Src\stm32f1xx_hal_dma.o
 .ARM.attributes
                0x0000016a       0x33 Drivers\STM32F1xx_HAL_Driver\Src\stm32f1xx_hal_gpio.o
 .ARM.attributes
                0x0000019d       0x33 Drivers\STM32F1xx_HAL_Driver\Src\stm32f1xx_hal_rcc.o
 .ARM.attributes
                0x000001d0       0x33 Drivers\STM32F1xx_HAL_Driver\Src\stm32f1xx_hal_rcc_ex.o
 .ARM.attributes
                0x00000203       0x33 Drivers\STM32F1xx_HAL_Driver\Src\stm32f1xx_hal_tim.o
 .ARM.attributes
                0x00000236       0x33 Drivers\STM32F1xx_HAL_Driver\Src\stm32f1xx_hal_tim_ex.o
 .ARM.attributes
                0x00000269       0x33 Src\main.o
 .ARM.attributes
                0x0000029c       0x33 Src\stm32f1xx_hal_msp.o
 .ARM.attributes
                0x000002cf       0x33 Src\stm32f1xx_it.o
 .ARM.attributes
                0x00000302       0x1d c:/program files (x86)/atollic/truestudio for arm 7.0.1/armtools/bin/../lib/gcc/arm-atollic-eabi/5.3.1/armv7-m\libgcc.a(_arm_addsubdf3.o)
 .ARM.attributes
                0x0000031f       0x1d c:/program files (x86)/atollic/truestudio for arm 7.0.1/armtools/bin/../lib/gcc/arm-atollic-eabi/5.3.1/armv7-m\libgcc.a(_arm_muldivdf3.o)
 .ARM.attributes
                0x0000033c       0x1d c:/program files (x86)/atollic/truestudio for arm 7.0.1/armtools/bin/../lib/gcc/arm-atollic-eabi/5.3.1/armv7-m\libgcc.a(_arm_cmpdf2.o)
 .ARM.attributes
                0x00000359       0x1d c:/program files (x86)/atollic/truestudio for arm 7.0.1/armtools/bin/../lib/gcc/arm-atollic-eabi/5.3.1/armv7-m\libgcc.a(_arm_truncdfsf2.o)
 .ARM.attributes
                0x00000376       0x1d c:/program files (x86)/atollic/truestudio for arm 7.0.1/armtools/bin/../lib/gcc/arm-atollic-eabi/5.3.1/armv7-m\libgcc.a(_arm_addsubsf3.o)
 .ARM.attributes
                0x00000393       0x1d c:/program files (x86)/atollic/truestudio for arm 7.0.1/armtools/bin/../lib/gcc/arm-atollic-eabi/5.3.1/armv7-m\libgcc.a(_arm_muldivsf3.o)
 .ARM.attributes
                0x000003b0       0x1d c:/program files (x86)/atollic/truestudio for arm 7.0.1/armtools/bin/../lib/gcc/arm-atollic-eabi/5.3.1/armv7-m\libgcc.a(_arm_cmpsf2.o)
 .ARM.attributes
                0x000003cd       0x1d c:/program files (x86)/atollic/truestudio for arm 7.0.1/armtools/bin/../lib/gcc/arm-atollic-eabi/5.3.1/armv7-m\libgcc.a(_arm_fixunssfsi.o)
 .ARM.attributes
                0x000003ea       0x1d c:/program files (x86)/atollic/truestudio for arm 7.0.1/armtools/bin/../lib/gcc/arm-atollic-eabi/5.3.1/armv7-m/crtn.o
OUTPUT(PMUv4.elf elf32-littlearm)

.debug_line     0x00000000     0x4c8c
 .debug_line    0x00000000       0xad Drivers\CMSIS\Device\ST\STM32F1xx\Source\Templates\gcc\startup_stm32f105xc.o
 .debug_line    0x000000ad      0x1fd Drivers\CMSIS\Device\ST\STM32F1xx\Source\Templates\system_stm32f1xx.o
 .debug_line    0x000002aa      0x377 Drivers\STM32F1xx_HAL_Driver\Src\stm32f1xx_hal.o
 .debug_line    0x00000621      0x83a Drivers\STM32F1xx_HAL_Driver\Src\stm32f1xx_hal_adc.o
 .debug_line    0x00000e5b      0x37a Drivers\STM32F1xx_HAL_Driver\Src\stm32f1xx_hal_cortex.o
 .debug_line    0x000011d5      0x888 Drivers\STM32F1xx_HAL_Driver\Src\stm32f1xx_hal_dma.o
 .debug_line    0x00001a5d      0x393 Drivers\STM32F1xx_HAL_Driver\Src\stm32f1xx_hal_gpio.o
 .debug_line    0x00001df0      0x863 Drivers\STM32F1xx_HAL_Driver\Src\stm32f1xx_hal_rcc.o
 .debug_line    0x00002653      0x5a4 Drivers\STM32F1xx_HAL_Driver\Src\stm32f1xx_hal_rcc_ex.o
 .debug_line    0x00002bf7     0x1056 Drivers\STM32F1xx_HAL_Driver\Src\stm32f1xx_hal_tim.o
 .debug_line    0x00003c4d      0x635 Drivers\STM32F1xx_HAL_Driver\Src\stm32f1xx_hal_tim_ex.o
 .debug_line    0x00004282      0x45f Src\main.o
 .debug_line    0x000046e1      0x313 Src\stm32f1xx_hal_msp.o
 .debug_line    0x000049f4      0x298 Src\stm32f1xx_it.o

.debug_info     0x00000000     0xbf23
 .debug_info    0x00000000       0x8d Drivers\CMSIS\Device\ST\STM32F1xx\Source\Templates\gcc\startup_stm32f105xc.o
 .debug_info    0x0000008d      0x428 Drivers\CMSIS\Device\ST\STM32F1xx\Source\Templates\system_stm32f1xx.o
 .debug_info    0x000004b5      0x700 Drivers\STM32F1xx_HAL_Driver\Src\stm32f1xx_hal.o
 .debug_info    0x00000bb5      0xf99 Drivers\STM32F1xx_HAL_Driver\Src\stm32f1xx_hal_adc.o
 .debug_info    0x00001b4e      0xc81 Drivers\STM32F1xx_HAL_Driver\Src\stm32f1xx_hal_cortex.o
 .debug_info    0x000027cf      0x645 Drivers\STM32F1xx_HAL_Driver\Src\stm32f1xx_hal_dma.o
 .debug_info    0x00002e14      0x625 Drivers\STM32F1xx_HAL_Driver\Src\stm32f1xx_hal_gpio.o
 .debug_info    0x00003439     0x1515 Drivers\STM32F1xx_HAL_Driver\Src\stm32f1xx_hal_rcc.o
 .debug_info    0x0000494e      0xc51 Drivers\STM32F1xx_HAL_Driver\Src\stm32f1xx_hal_rcc_ex.o
 .debug_info    0x0000559f     0x2e1c Drivers\STM32F1xx_HAL_Driver\Src\stm32f1xx_hal_tim.o
 .debug_info    0x000083bb      0xeac Drivers\STM32F1xx_HAL_Driver\Src\stm32f1xx_hal_tim_ex.o
 .debug_info    0x00009267     0x18b6 Src\main.o
 .debug_info    0x0000ab1d      0xe1d Src\stm32f1xx_hal_msp.o
 .debug_info    0x0000b93a      0x5e9 Src\stm32f1xx_it.o

.debug_abbrev   0x00000000     0x1ddb
 .debug_abbrev  0x00000000       0x12 Drivers\CMSIS\Device\ST\STM32F1xx\Source\Templates\gcc\startup_stm32f105xc.o
 .debug_abbrev  0x00000012      0x101 Drivers\CMSIS\Device\ST\STM32F1xx\Source\Templates\system_stm32f1xx.o
 .debug_abbrev  0x00000113      0x22e Drivers\STM32F1xx_HAL_Driver\Src\stm32f1xx_hal.o
 .debug_abbrev  0x00000341      0x2bf Drivers\STM32F1xx_HAL_Driver\Src\stm32f1xx_hal_adc.o
 .debug_abbrev  0x00000600      0x2ee Drivers\STM32F1xx_HAL_Driver\Src\stm32f1xx_hal_cortex.o
 .debug_abbrev  0x000008ee      0x214 Drivers\STM32F1xx_HAL_Driver\Src\stm32f1xx_hal_dma.o
 .debug_abbrev  0x00000b02      0x1c8 Drivers\STM32F1xx_HAL_Driver\Src\stm32f1xx_hal_gpio.o
 .debug_abbrev  0x00000cca      0x2bf Drivers\STM32F1xx_HAL_Driver\Src\stm32f1xx_hal_rcc.o
 .debug_abbrev  0x00000f89      0x265 Drivers\STM32F1xx_HAL_Driver\Src\stm32f1xx_hal_rcc_ex.o
 .debug_abbrev  0x000011ee      0x320 Drivers\STM32F1xx_HAL_Driver\Src\stm32f1xx_hal_tim.o
 .debug_abbrev  0x0000150e      0x270 Drivers\STM32F1xx_HAL_Driver\Src\stm32f1xx_hal_tim_ex.o
 .debug_abbrev  0x0000177e      0x2d4 Src\main.o
 .debug_abbrev  0x00001a52      0x1ed Src\stm32f1xx_hal_msp.o
 .debug_abbrev  0x00001c3f      0x19c Src\stm32f1xx_it.o

.debug_aranges  0x00000000      0x7f0
 .debug_aranges
                0x00000000       0x28 Drivers\CMSIS\Device\ST\STM32F1xx\Source\Templates\gcc\startup_stm32f105xc.o
 .debug_aranges
                0x00000028       0x28 Drivers\CMSIS\Device\ST\STM32F1xx\Source\Templates\system_stm32f1xx.o
 .debug_aranges
                0x00000050       0xa8 Drivers\STM32F1xx_HAL_Driver\Src\stm32f1xx_hal.o
 .debug_aranges
                0x000000f8       0xc8 Drivers\STM32F1xx_HAL_Driver\Src\stm32f1xx_hal_adc.o
 .debug_aranges
                0x000001c0       0x90 Drivers\STM32F1xx_HAL_Driver\Src\stm32f1xx_hal_cortex.o
 .debug_aranges
                0x00000250       0x60 Drivers\STM32F1xx_HAL_Driver\Src\stm32f1xx_hal_dma.o
 .debug_aranges
                0x000002b0       0x58 Drivers\STM32F1xx_HAL_Driver\Src\stm32f1xx_hal_gpio.o
 .debug_aranges
                0x00000308       0x88 Drivers\STM32F1xx_HAL_Driver\Src\stm32f1xx_hal_rcc.o
 .debug_aranges
                0x00000390       0x50 Drivers\STM32F1xx_HAL_Driver\Src\stm32f1xx_hal_rcc_ex.o
 .debug_aranges
                0x000003e0      0x250 Drivers\STM32F1xx_HAL_Driver\Src\stm32f1xx_hal_tim.o
 .debug_aranges
                0x00000630       0xe8 Drivers\STM32F1xx_HAL_Driver\Src\stm32f1xx_hal_tim_ex.o
 .debug_aranges
                0x00000718       0x38 Src\main.o
 .debug_aranges
                0x00000750       0x48 Src\stm32f1xx_hal_msp.o
 .debug_aranges
                0x00000798       0x58 Src\stm32f1xx_it.o

.debug_ranges   0x00000000      0xbb8
 .debug_ranges  0x00000000       0x20 Drivers\CMSIS\Device\ST\STM32F1xx\Source\Templates\gcc\startup_stm32f105xc.o
 .debug_ranges  0x00000020       0x18 Drivers\CMSIS\Device\ST\STM32F1xx\Source\Templates\system_stm32f1xx.o
 .debug_ranges  0x00000038       0x98 Drivers\STM32F1xx_HAL_Driver\Src\stm32f1xx_hal.o
 .debug_ranges  0x000000d0       0xb8 Drivers\STM32F1xx_HAL_Driver\Src\stm32f1xx_hal_adc.o
 .debug_ranges  0x00000188      0x130 Drivers\STM32F1xx_HAL_Driver\Src\stm32f1xx_hal_cortex.o
 .debug_ranges  0x000002b8       0x80 Drivers\STM32F1xx_HAL_Driver\Src\stm32f1xx_hal_dma.o
 .debug_ranges  0x00000338       0x68 Drivers\STM32F1xx_HAL_Driver\Src\stm32f1xx_hal_gpio.o
 .debug_ranges  0x000003a0      0x178 Drivers\STM32F1xx_HAL_Driver\Src\stm32f1xx_hal_rcc.o
 .debug_ranges  0x00000518       0xb8 Drivers\STM32F1xx_HAL_Driver\Src\stm32f1xx_hal_rcc_ex.o
 .debug_ranges  0x000005d0      0x360 Drivers\STM32F1xx_HAL_Driver\Src\stm32f1xx_hal_tim.o
 .debug_ranges  0x00000930       0xd8 Drivers\STM32F1xx_HAL_Driver\Src\stm32f1xx_hal_tim_ex.o
 .debug_ranges  0x00000a08       0xc8 Src\main.o
 .debug_ranges  0x00000ad0       0xa0 Src\stm32f1xx_hal_msp.o
 .debug_ranges  0x00000b70       0x48 Src\stm32f1xx_it.o

.debug_loc      0x00000000     0x64f6
 .debug_loc     0x00000000      0x157 Drivers\CMSIS\Device\ST\STM32F1xx\Source\Templates\system_stm32f1xx.o
 .debug_loc     0x00000157       0x73 Drivers\STM32F1xx_HAL_Driver\Src\stm32f1xx_hal.o
 .debug_loc     0x000001ca      0xa48 Drivers\STM32F1xx_HAL_Driver\Src\stm32f1xx_hal_adc.o
 .debug_loc     0x00000c12      0x48f Drivers\STM32F1xx_HAL_Driver\Src\stm32f1xx_hal_cortex.o
 .debug_loc     0x000010a1      0x3cf Drivers\STM32F1xx_HAL_Driver\Src\stm32f1xx_hal_dma.o
 .debug_loc     0x00001470      0x2e8 Drivers\STM32F1xx_HAL_Driver\Src\stm32f1xx_hal_gpio.o
 .debug_loc     0x00001758      0xa68 Drivers\STM32F1xx_HAL_Driver\Src\stm32f1xx_hal_rcc.o
 .debug_loc     0x000021c0      0x96d Drivers\STM32F1xx_HAL_Driver\Src\stm32f1xx_hal_rcc_ex.o
 .debug_loc     0x00002b2d     0x30f1 Drivers\STM32F1xx_HAL_Driver\Src\stm32f1xx_hal_tim.o
 .debug_loc     0x00005c1e      0x7b7 Drivers\STM32F1xx_HAL_Driver\Src\stm32f1xx_hal_tim_ex.o
 .debug_loc     0x000063d5       0x37 Src\main.o
 .debug_loc     0x0000640c       0xea Src\stm32f1xx_hal_msp.o

.debug_str      0x00000000     0x2cdd
 .debug_str     0x00000000      0x2c7 Drivers\CMSIS\Device\ST\STM32F1xx\Source\Templates\system_stm32f1xx.o
                                0x319 (size before relaxing)
 .debug_str     0x000002c7      0x646 Drivers\STM32F1xx_HAL_Driver\Src\stm32f1xx_hal.o
                                0x825 (size before relaxing)
 .debug_str     0x0000090d      0x5e5 Drivers\STM32F1xx_HAL_Driver\Src\stm32f1xx_hal_adc.o
                                0x83a (size before relaxing)
 .debug_str     0x00000ef2      0x283 Drivers\STM32F1xx_HAL_Driver\Src\stm32f1xx_hal_cortex.o
                                0x981 (size before relaxing)
 .debug_str     0x00001175      0x12e Drivers\STM32F1xx_HAL_Driver\Src\stm32f1xx_hal_dma.o
                                0x4f4 (size before relaxing)
 .debug_str     0x000012a3      0x1d1 Drivers\STM32F1xx_HAL_Driver\Src\stm32f1xx_hal_gpio.o
                                0x416 (size before relaxing)
 .debug_str     0x00001474      0x32d Drivers\STM32F1xx_HAL_Driver\Src\stm32f1xx_hal_rcc.o
                                0x673 (size before relaxing)
 .debug_str     0x000017a1      0x1d6 Drivers\STM32F1xx_HAL_Driver\Src\stm32f1xx_hal_rcc_ex.o
                                0x509 (size before relaxing)
 .debug_str     0x00001977      0xc6b Drivers\STM32F1xx_HAL_Driver\Src\stm32f1xx_hal_tim.o
                               0x108b (size before relaxing)
 .debug_str     0x000025e2      0x416 Drivers\STM32F1xx_HAL_Driver\Src\stm32f1xx_hal_tim_ex.o
                                0xabc (size before relaxing)
 .debug_str     0x000029f8      0x1c0 Src\main.o
                               0x11dd (size before relaxing)
 .debug_str     0x00002bb8       0x7f Src\stm32f1xx_hal_msp.o
                                0xbf9 (size before relaxing)
 .debug_str     0x00002c37       0xa6 Src\stm32f1xx_it.o
                                0x60e (size before relaxing)

.comment        0x00000000       0x7e
 .comment       0x00000000       0x7e Drivers\CMSIS\Device\ST\STM32F1xx\Source\Templates\system_stm32f1xx.o
                                 0x7f (size before relaxing)
 .comment       0x0000007e       0x7f Drivers\STM32F1xx_HAL_Driver\Src\stm32f1xx_hal.o
 .comment       0x0000007e       0x7f Drivers\STM32F1xx_HAL_Driver\Src\stm32f1xx_hal_adc.o
 .comment       0x0000007e       0x7f Drivers\STM32F1xx_HAL_Driver\Src\stm32f1xx_hal_cortex.o
 .comment       0x0000007e       0x7f Drivers\STM32F1xx_HAL_Driver\Src\stm32f1xx_hal_dma.o
 .comment       0x0000007e       0x7f Drivers\STM32F1xx_HAL_Driver\Src\stm32f1xx_hal_gpio.o
 .comment       0x0000007e       0x7f Drivers\STM32F1xx_HAL_Driver\Src\stm32f1xx_hal_rcc.o
 .comment       0x0000007e       0x7f Drivers\STM32F1xx_HAL_Driver\Src\stm32f1xx_hal_rcc_ex.o
 .comment       0x0000007e       0x7f Drivers\STM32F1xx_HAL_Driver\Src\stm32f1xx_hal_tim.o
 .comment       0x0000007e       0x7f Drivers\STM32F1xx_HAL_Driver\Src\stm32f1xx_hal_tim_ex.o
 .comment       0x0000007e       0x7f Src\main.o
 .comment       0x0000007e       0x7f Src\stm32f1xx_hal_msp.o
 .comment       0x0000007e       0x7f Src\stm32f1xx_it.o

.debug_frame    0x00000000     0x16ec
 .debug_frame   0x00000000       0x3c Drivers\CMSIS\Device\ST\STM32F1xx\Source\Templates\system_stm32f1xx.o
 .debug_frame   0x0000003c      0x164 Drivers\STM32F1xx_HAL_Driver\Src\stm32f1xx_hal.o
 .debug_frame   0x000001a0      0x294 Drivers\STM32F1xx_HAL_Driver\Src\stm32f1xx_hal_adc.o
 .debug_frame   0x00000434      0x120 Drivers\STM32F1xx_HAL_Driver\Src\stm32f1xx_hal_cortex.o
 .debug_frame   0x00000554      0x108 Drivers\STM32F1xx_HAL_Driver\Src\stm32f1xx_hal_dma.o
 .debug_frame   0x0000065c       0xd4 Drivers\STM32F1xx_HAL_Driver\Src\stm32f1xx_hal_gpio.o
 .debug_frame   0x00000730      0x14c Drivers\STM32F1xx_HAL_Driver\Src\stm32f1xx_hal_rcc.o
 .debug_frame   0x0000087c       0xf4 Drivers\STM32F1xx_HAL_Driver\Src\stm32f1xx_hal_rcc_ex.o
 .debug_frame   0x00000970      0x854 Drivers\STM32F1xx_HAL_Driver\Src\stm32f1xx_hal_tim.o
 .debug_frame   0x000011c4      0x324 Drivers\STM32F1xx_HAL_Driver\Src\stm32f1xx_hal_tim_ex.o
 .debug_frame   0x000014e8       0x8c Src\main.o
 .debug_frame   0x00001574       0xac Src\stm32f1xx_hal_msp.o
 .debug_frame   0x00001620       0xcc Src\stm32f1xx_it.o

Cross Reference Table

Symbol                                            File
ADC                                               Src\main.o
ADC1_2_IRQHandler                                 Drivers\CMSIS\Device\ST\STM32F1xx\Source\Templates\gcc\startup_stm32f105xc.o
ADC_ConversionStop_Disable                        Drivers\STM32F1xx_HAL_Driver\Src\stm32f1xx_hal_adc.o
                                                  Drivers\STM32F1xx_HAL_Driver\Src\stm32f1xx_hal_adc_ex.o
ADC_DMAConvCplt                                   Drivers\STM32F1xx_HAL_Driver\Src\stm32f1xx_hal_adc.o
                                                  Drivers\STM32F1xx_HAL_Driver\Src\stm32f1xx_hal_adc_ex.o
ADC_DMAError                                      Drivers\STM32F1xx_HAL_Driver\Src\stm32f1xx_hal_adc.o
                                                  Drivers\STM32F1xx_HAL_Driver\Src\stm32f1xx_hal_adc_ex.o
ADC_DMAHalfConvCplt                               Drivers\STM32F1xx_HAL_Driver\Src\stm32f1xx_hal_adc.o
                                                  Drivers\STM32F1xx_HAL_Driver\Src\stm32f1xx_hal_adc_ex.o
ADC_Enable                                        Drivers\STM32F1xx_HAL_Driver\Src\stm32f1xx_hal_adc.o
                                                  Drivers\STM32F1xx_HAL_Driver\Src\stm32f1xx_hal_adc_ex.o
AHBPrescTable                                     Drivers\CMSIS\Device\ST\STM32F1xx\Source\Templates\system_stm32f1xx.o
                                                  Drivers\STM32F1xx_HAL_Driver\Src\stm32f1xx_hal_rcc.o
APBPrescTable                                     Drivers\CMSIS\Device\ST\STM32F1xx\Source\Templates\system_stm32f1xx.o
                                                  Drivers\STM32F1xx_HAL_Driver\Src\stm32f1xx_hal_rcc.o
BusFault_Handler                                  Src\stm32f1xx_it.o
                                                  Drivers\CMSIS\Device\ST\STM32F1xx\Source\Templates\gcc\startup_stm32f105xc.o
CAN1_RX0_IRQHandler                               Drivers\CMSIS\Device\ST\STM32F1xx\Source\Templates\gcc\startup_stm32f105xc.o
CAN1_RX1_IRQHandler                               Drivers\CMSIS\Device\ST\STM32F1xx\Source\Templates\gcc\startup_stm32f105xc.o
CAN1_SCE_IRQHandler                               Drivers\CMSIS\Device\ST\STM32F1xx\Source\Templates\gcc\startup_stm32f105xc.o
CAN1_TX_IRQHandler                                Drivers\CMSIS\Device\ST\STM32F1xx\Source\Templates\gcc\startup_stm32f105xc.o
CAN2_RX0_IRQHandler                               Drivers\CMSIS\Device\ST\STM32F1xx\Source\Templates\gcc\startup_stm32f105xc.o
CAN2_RX1_IRQHandler                               Drivers\CMSIS\Device\ST\STM32F1xx\Source\Templates\gcc\startup_stm32f105xc.o
CAN2_SCE_IRQHandler                               Drivers\CMSIS\Device\ST\STM32F1xx\Source\Templates\gcc\startup_stm32f105xc.o
CAN2_TX_IRQHandler                                Drivers\CMSIS\Device\ST\STM32F1xx\Source\Templates\gcc\startup_stm32f105xc.o
DMA1_Channel1_IRQHandler                          Src\stm32f1xx_it.o
                                                  Drivers\CMSIS\Device\ST\STM32F1xx\Source\Templates\gcc\startup_stm32f105xc.o
DMA1_Channel2_IRQHandler                          Drivers\CMSIS\Device\ST\STM32F1xx\Source\Templates\gcc\startup_stm32f105xc.o
DMA1_Channel3_IRQHandler                          Drivers\CMSIS\Device\ST\STM32F1xx\Source\Templates\gcc\startup_stm32f105xc.o
DMA1_Channel4_IRQHandler                          Drivers\CMSIS\Device\ST\STM32F1xx\Source\Templates\gcc\startup_stm32f105xc.o
DMA1_Channel5_IRQHandler                          Drivers\CMSIS\Device\ST\STM32F1xx\Source\Templates\gcc\startup_stm32f105xc.o
DMA1_Channel6_IRQHandler                          Drivers\CMSIS\Device\ST\STM32F1xx\Source\Templates\gcc\startup_stm32f105xc.o
DMA1_Channel7_IRQHandler                          Drivers\CMSIS\Device\ST\STM32F1xx\Source\Templates\gcc\startup_stm32f105xc.o
DMA2_Channel1_IRQHandler                          Drivers\CMSIS\Device\ST\STM32F1xx\Source\Templates\gcc\startup_stm32f105xc.o
DMA2_Channel2_IRQHandler                          Drivers\CMSIS\Device\ST\STM32F1xx\Source\Templates\gcc\startup_stm32f105xc.o
DMA2_Channel3_IRQHandler                          Drivers\CMSIS\Device\ST\STM32F1xx\Source\Templates\gcc\startup_stm32f105xc.o
DMA2_Channel4_IRQHandler                          Drivers\CMSIS\Device\ST\STM32F1xx\Source\Templates\gcc\startup_stm32f105xc.o
DMA2_Channel5_IRQHandler                          Drivers\CMSIS\Device\ST\STM32F1xx\Source\Templates\gcc\startup_stm32f105xc.o
DebugMon_Handler                                  Src\stm32f1xx_it.o
                                                  Drivers\CMSIS\Device\ST\STM32F1xx\Source\Templates\gcc\startup_stm32f105xc.o
Default_Handler                                   Drivers\CMSIS\Device\ST\STM32F1xx\Source\Templates\gcc\startup_stm32f105xc.o
EXTI0_IRQHandler                                  Drivers\CMSIS\Device\ST\STM32F1xx\Source\Templates\gcc\startup_stm32f105xc.o
EXTI15_10_IRQHandler                              Drivers\CMSIS\Device\ST\STM32F1xx\Source\Templates\gcc\startup_stm32f105xc.o
EXTI1_IRQHandler                                  Drivers\CMSIS\Device\ST\STM32F1xx\Source\Templates\gcc\startup_stm32f105xc.o
EXTI2_IRQHandler                                  Drivers\CMSIS\Device\ST\STM32F1xx\Source\Templates\gcc\startup_stm32f105xc.o
EXTI3_IRQHandler                                  Drivers\CMSIS\Device\ST\STM32F1xx\Source\Templates\gcc\startup_stm32f105xc.o
EXTI4_IRQHandler                                  Drivers\CMSIS\Device\ST\STM32F1xx\Source\Templates\gcc\startup_stm32f105xc.o
EXTI9_5_IRQHandler                                Drivers\CMSIS\Device\ST\STM32F1xx\Source\Templates\gcc\startup_stm32f105xc.o
Error_Handler                                     Src\main.o
                                                  Src\stm32f1xx_hal_msp.o
FLASH_IRQHandler                                  Drivers\CMSIS\Device\ST\STM32F1xx\Source\Templates\gcc\startup_stm32f105xc.o
FLASH_PageErase                                   Drivers\STM32F1xx_HAL_Driver\Src\stm32f1xx_hal_flash_ex.o
                                                  Drivers\STM32F1xx_HAL_Driver\Src\stm32f1xx_hal_flash.o
FLASH_WaitForLastOperation                        Drivers\STM32F1xx_HAL_Driver\Src\stm32f1xx_hal_flash.o
                                                  Drivers\STM32F1xx_HAL_Driver\Src\stm32f1xx_hal_flash_ex.o
HAL_ADCEx_Calibration_Start                       Drivers\STM32F1xx_HAL_Driver\Src\stm32f1xx_hal_adc_ex.o
HAL_ADCEx_InjectedConfigChannel                   Drivers\STM32F1xx_HAL_Driver\Src\stm32f1xx_hal_adc_ex.o
HAL_ADCEx_InjectedConvCpltCallback                Drivers\STM32F1xx_HAL_Driver\Src\stm32f1xx_hal_adc_ex.o
                                                  Drivers\STM32F1xx_HAL_Driver\Src\stm32f1xx_hal_adc.o
HAL_ADCEx_InjectedGetValue                        Drivers\STM32F1xx_HAL_Driver\Src\stm32f1xx_hal_adc_ex.o
HAL_ADCEx_InjectedPollForConversion               Drivers\STM32F1xx_HAL_Driver\Src\stm32f1xx_hal_adc_ex.o
HAL_ADCEx_InjectedStart                           Drivers\STM32F1xx_HAL_Driver\Src\stm32f1xx_hal_adc_ex.o
HAL_ADCEx_InjectedStart_IT                        Drivers\STM32F1xx_HAL_Driver\Src\stm32f1xx_hal_adc_ex.o
HAL_ADCEx_InjectedStop                            Drivers\STM32F1xx_HAL_Driver\Src\stm32f1xx_hal_adc_ex.o
HAL_ADCEx_InjectedStop_IT                         Drivers\STM32F1xx_HAL_Driver\Src\stm32f1xx_hal_adc_ex.o
HAL_ADCEx_MultiModeConfigChannel                  Drivers\STM32F1xx_HAL_Driver\Src\stm32f1xx_hal_adc_ex.o
HAL_ADCEx_MultiModeGetValue                       Drivers\STM32F1xx_HAL_Driver\Src\stm32f1xx_hal_adc_ex.o
HAL_ADCEx_MultiModeStart_DMA                      Drivers\STM32F1xx_HAL_Driver\Src\stm32f1xx_hal_adc_ex.o
HAL_ADCEx_MultiModeStop_DMA                       Drivers\STM32F1xx_HAL_Driver\Src\stm32f1xx_hal_adc_ex.o
HAL_ADC_AnalogWDGConfig                           Drivers\STM32F1xx_HAL_Driver\Src\stm32f1xx_hal_adc.o
HAL_ADC_ConfigChannel                             Drivers\STM32F1xx_HAL_Driver\Src\stm32f1xx_hal_adc.o
                                                  Src\main.o
HAL_ADC_ConvCpltCallback                          Drivers\STM32F1xx_HAL_Driver\Src\stm32f1xx_hal_adc.o
HAL_ADC_ConvHalfCpltCallback                      Drivers\STM32F1xx_HAL_Driver\Src\stm32f1xx_hal_adc.o
HAL_ADC_DeInit                                    Drivers\STM32F1xx_HAL_Driver\Src\stm32f1xx_hal_adc.o
HAL_ADC_ErrorCallback                             Drivers\STM32F1xx_HAL_Driver\Src\stm32f1xx_hal_adc.o
HAL_ADC_GetError                                  Drivers\STM32F1xx_HAL_Driver\Src\stm32f1xx_hal_adc.o
HAL_ADC_GetState                                  Drivers\STM32F1xx_HAL_Driver\Src\stm32f1xx_hal_adc.o
HAL_ADC_GetValue                                  Drivers\STM32F1xx_HAL_Driver\Src\stm32f1xx_hal_adc.o
HAL_ADC_IRQHandler                                Drivers\STM32F1xx_HAL_Driver\Src\stm32f1xx_hal_adc.o
HAL_ADC_Init                                      Drivers\STM32F1xx_HAL_Driver\Src\stm32f1xx_hal_adc.o
                                                  Src\main.o
HAL_ADC_LevelOutOfWindowCallback                  Drivers\STM32F1xx_HAL_Driver\Src\stm32f1xx_hal_adc.o
HAL_ADC_MspDeInit                                 Src\stm32f1xx_hal_msp.o
                                                  Drivers\STM32F1xx_HAL_Driver\Src\stm32f1xx_hal_adc.o
HAL_ADC_MspInit                                   Src\stm32f1xx_hal_msp.o
                                                  Drivers\STM32F1xx_HAL_Driver\Src\stm32f1xx_hal_adc.o
HAL_ADC_PollForConversion                         Drivers\STM32F1xx_HAL_Driver\Src\stm32f1xx_hal_adc.o
HAL_ADC_PollForEvent                              Drivers\STM32F1xx_HAL_Driver\Src\stm32f1xx_hal_adc.o
HAL_ADC_Start                                     Drivers\STM32F1xx_HAL_Driver\Src\stm32f1xx_hal_adc.o
HAL_ADC_Start_DMA                                 Drivers\STM32F1xx_HAL_Driver\Src\stm32f1xx_hal_adc.o
                                                  Src\main.o
HAL_ADC_Start_IT                                  Drivers\STM32F1xx_HAL_Driver\Src\stm32f1xx_hal_adc.o
HAL_ADC_Stop                                      Drivers\STM32F1xx_HAL_Driver\Src\stm32f1xx_hal_adc.o
HAL_ADC_Stop_DMA                                  Drivers\STM32F1xx_HAL_Driver\Src\stm32f1xx_hal_adc.o
HAL_ADC_Stop_IT                                   Drivers\STM32F1xx_HAL_Driver\Src\stm32f1xx_hal_adc.o
HAL_DBGMCU_DisableDBGSleepMode                    Drivers\STM32F1xx_HAL_Driver\Src\stm32f1xx_hal.o
HAL_DBGMCU_DisableDBGStandbyMode                  Drivers\STM32F1xx_HAL_Driver\Src\stm32f1xx_hal.o
HAL_DBGMCU_DisableDBGStopMode                     Drivers\STM32F1xx_HAL_Driver\Src\stm32f1xx_hal.o
HAL_DBGMCU_EnableDBGSleepMode                     Drivers\STM32F1xx_HAL_Driver\Src\stm32f1xx_hal.o
HAL_DBGMCU_EnableDBGStandbyMode                   Drivers\STM32F1xx_HAL_Driver\Src\stm32f1xx_hal.o
HAL_DBGMCU_EnableDBGStopMode                      Drivers\STM32F1xx_HAL_Driver\Src\stm32f1xx_hal.o
HAL_DMA_Abort                                     Drivers\STM32F1xx_HAL_Driver\Src\stm32f1xx_hal_dma.o
                                                  Drivers\STM32F1xx_HAL_Driver\Src\stm32f1xx_hal_tim.o
                                                  Drivers\STM32F1xx_HAL_Driver\Src\stm32f1xx_hal_adc_ex.o
                                                  Drivers\STM32F1xx_HAL_Driver\Src\stm32f1xx_hal_adc.o
HAL_DMA_DeInit                                    Drivers\STM32F1xx_HAL_Driver\Src\stm32f1xx_hal_dma.o
                                                  Src\stm32f1xx_hal_msp.o
HAL_DMA_GetError                                  Drivers\STM32F1xx_HAL_Driver\Src\stm32f1xx_hal_dma.o
HAL_DMA_GetState                                  Drivers\STM32F1xx_HAL_Driver\Src\stm32f1xx_hal_dma.o
HAL_DMA_IRQHandler                                Drivers\STM32F1xx_HAL_Driver\Src\stm32f1xx_hal_dma.o
                                                  Src\stm32f1xx_it.o
HAL_DMA_Init                                      Drivers\STM32F1xx_HAL_Driver\Src\stm32f1xx_hal_dma.o
                                                  Src\stm32f1xx_hal_msp.o
HAL_DMA_PollForTransfer                           Drivers\STM32F1xx_HAL_Driver\Src\stm32f1xx_hal_dma.o
HAL_DMA_Start                                     Drivers\STM32F1xx_HAL_Driver\Src\stm32f1xx_hal_dma.o
HAL_DMA_Start_IT                                  Drivers\STM32F1xx_HAL_Driver\Src\stm32f1xx_hal_dma.o
                                                  Drivers\STM32F1xx_HAL_Driver\Src\stm32f1xx_hal_tim_ex.o
                                                  Drivers\STM32F1xx_HAL_Driver\Src\stm32f1xx_hal_tim.o
                                                  Drivers\STM32F1xx_HAL_Driver\Src\stm32f1xx_hal_adc_ex.o
                                                  Drivers\STM32F1xx_HAL_Driver\Src\stm32f1xx_hal_adc.o
HAL_DeInit                                        Drivers\STM32F1xx_HAL_Driver\Src\stm32f1xx_hal.o
HAL_Delay                                         Drivers\STM32F1xx_HAL_Driver\Src\stm32f1xx_hal.o
                                                  Drivers\STM32F1xx_HAL_Driver\Src\stm32f1xx_hal_rcc.o
HAL_FLASHEx_Erase                                 Drivers\STM32F1xx_HAL_Driver\Src\stm32f1xx_hal_flash_ex.o
HAL_FLASHEx_Erase_IT                              Drivers\STM32F1xx_HAL_Driver\Src\stm32f1xx_hal_flash_ex.o
HAL_FLASHEx_OBErase                               Drivers\STM32F1xx_HAL_Driver\Src\stm32f1xx_hal_flash_ex.o
HAL_FLASHEx_OBGetConfig                           Drivers\STM32F1xx_HAL_Driver\Src\stm32f1xx_hal_flash_ex.o
HAL_FLASHEx_OBGetUserData                         Drivers\STM32F1xx_HAL_Driver\Src\stm32f1xx_hal_flash_ex.o
HAL_FLASHEx_OBProgram                             Drivers\STM32F1xx_HAL_Driver\Src\stm32f1xx_hal_flash_ex.o
HAL_FLASH_EndOfOperationCallback                  Drivers\STM32F1xx_HAL_Driver\Src\stm32f1xx_hal_flash.o
HAL_FLASH_GetError                                Drivers\STM32F1xx_HAL_Driver\Src\stm32f1xx_hal_flash.o
HAL_FLASH_IRQHandler                              Drivers\STM32F1xx_HAL_Driver\Src\stm32f1xx_hal_flash.o
HAL_FLASH_Lock                                    Drivers\STM32F1xx_HAL_Driver\Src\stm32f1xx_hal_flash.o
HAL_FLASH_OB_Launch                               Drivers\STM32F1xx_HAL_Driver\Src\stm32f1xx_hal_flash.o
HAL_FLASH_OB_Lock                                 Drivers\STM32F1xx_HAL_Driver\Src\stm32f1xx_hal_flash.o
HAL_FLASH_OB_Unlock                               Drivers\STM32F1xx_HAL_Driver\Src\stm32f1xx_hal_flash.o
HAL_FLASH_OperationErrorCallback                  Drivers\STM32F1xx_HAL_Driver\Src\stm32f1xx_hal_flash.o
HAL_FLASH_Program                                 Drivers\STM32F1xx_HAL_Driver\Src\stm32f1xx_hal_flash.o
HAL_FLASH_Program_IT                              Drivers\STM32F1xx_HAL_Driver\Src\stm32f1xx_hal_flash.o
HAL_FLASH_Unlock                                  Drivers\STM32F1xx_HAL_Driver\Src\stm32f1xx_hal_flash.o
HAL_GPIOEx_ConfigEventout                         Drivers\STM32F1xx_HAL_Driver\Src\stm32f1xx_hal_gpio_ex.o
HAL_GPIOEx_DisableEventout                        Drivers\STM32F1xx_HAL_Driver\Src\stm32f1xx_hal_gpio_ex.o
HAL_GPIOEx_EnableEventout                         Drivers\STM32F1xx_HAL_Driver\Src\stm32f1xx_hal_gpio_ex.o
HAL_GPIO_DeInit                                   Drivers\STM32F1xx_HAL_Driver\Src\stm32f1xx_hal_gpio.o
                                                  Src\stm32f1xx_hal_msp.o
HAL_GPIO_EXTI_Callback                            Drivers\STM32F1xx_HAL_Driver\Src\stm32f1xx_hal_gpio.o
HAL_GPIO_EXTI_IRQHandler                          Drivers\STM32F1xx_HAL_Driver\Src\stm32f1xx_hal_gpio.o
HAL_GPIO_Init                                     Drivers\STM32F1xx_HAL_Driver\Src\stm32f1xx_hal_gpio.o
                                                  Src\stm32f1xx_hal_msp.o
                                                  Src\main.o
                                                  Drivers\STM32F1xx_HAL_Driver\Src\stm32f1xx_hal_rcc.o
HAL_GPIO_LockPin                                  Drivers\STM32F1xx_HAL_Driver\Src\stm32f1xx_hal_gpio.o
HAL_GPIO_ReadPin                                  Drivers\STM32F1xx_HAL_Driver\Src\stm32f1xx_hal_gpio.o
HAL_GPIO_TogglePin                                Drivers\STM32F1xx_HAL_Driver\Src\stm32f1xx_hal_gpio.o
                                                  Src\main.o
HAL_GPIO_WritePin                                 Drivers\STM32F1xx_HAL_Driver\Src\stm32f1xx_hal_gpio.o
                                                  Src\main.o
HAL_GetDEVID                                      Drivers\STM32F1xx_HAL_Driver\Src\stm32f1xx_hal.o
HAL_GetHalVersion                                 Drivers\STM32F1xx_HAL_Driver\Src\stm32f1xx_hal.o
HAL_GetREVID                                      Drivers\STM32F1xx_HAL_Driver\Src\stm32f1xx_hal.o
HAL_GetTick                                       Drivers\STM32F1xx_HAL_Driver\Src\stm32f1xx_hal.o
                                                  Src\main.o
                                                  Drivers\STM32F1xx_HAL_Driver\Src\stm32f1xx_hal_rcc_ex.o
                                                  Drivers\STM32F1xx_HAL_Driver\Src\stm32f1xx_hal_rcc.o
                                                  Drivers\STM32F1xx_HAL_Driver\Src\stm32f1xx_hal_flash.o
                                                  Drivers\STM32F1xx_HAL_Driver\Src\stm32f1xx_hal_dma.o
                                                  Drivers\STM32F1xx_HAL_Driver\Src\stm32f1xx_hal_adc_ex.o
                                                  Drivers\STM32F1xx_HAL_Driver\Src\stm32f1xx_hal_adc.o
HAL_IncTick                                       Drivers\STM32F1xx_HAL_Driver\Src\stm32f1xx_hal.o
                                                  Src\stm32f1xx_it.o
HAL_Init                                          Drivers\STM32F1xx_HAL_Driver\Src\stm32f1xx_hal.o
                                                  Src\main.o
HAL_InitTick                                      Drivers\STM32F1xx_HAL_Driver\Src\stm32f1xx_hal.o
                                                  Drivers\STM32F1xx_HAL_Driver\Src\stm32f1xx_hal_rcc.o
HAL_MspDeInit                                     Drivers\STM32F1xx_HAL_Driver\Src\stm32f1xx_hal.o
HAL_MspInit                                       Src\stm32f1xx_hal_msp.o
                                                  Drivers\STM32F1xx_HAL_Driver\Src\stm32f1xx_hal.o
HAL_NVIC_ClearPendingIRQ                          Drivers\STM32F1xx_HAL_Driver\Src\stm32f1xx_hal_cortex.o
HAL_NVIC_DisableIRQ                               Drivers\STM32F1xx_HAL_Driver\Src\stm32f1xx_hal_cortex.o
                                                  Src\stm32f1xx_hal_msp.o
HAL_NVIC_EnableIRQ                                Drivers\STM32F1xx_HAL_Driver\Src\stm32f1xx_hal_cortex.o
                                                  Src\stm32f1xx_hal_msp.o
                                                  Src\main.o
HAL_NVIC_GetActive                                Drivers\STM32F1xx_HAL_Driver\Src\stm32f1xx_hal_cortex.o
HAL_NVIC_GetPendingIRQ                            Drivers\STM32F1xx_HAL_Driver\Src\stm32f1xx_hal_cortex.o
HAL_NVIC_GetPriority                              Drivers\STM32F1xx_HAL_Driver\Src\stm32f1xx_hal_cortex.o
HAL_NVIC_GetPriorityGrouping                      Drivers\STM32F1xx_HAL_Driver\Src\stm32f1xx_hal_cortex.o
HAL_NVIC_SetPendingIRQ                            Drivers\STM32F1xx_HAL_Driver\Src\stm32f1xx_hal_cortex.o
HAL_NVIC_SetPriority                              Drivers\STM32F1xx_HAL_Driver\Src\stm32f1xx_hal_cortex.o
                                                  Src\stm32f1xx_hal_msp.o
                                                  Src\main.o
                                                  Drivers\STM32F1xx_HAL_Driver\Src\stm32f1xx_hal.o
HAL_NVIC_SetPriorityGrouping                      Drivers\STM32F1xx_HAL_Driver\Src\stm32f1xx_hal_cortex.o
                                                  Src\stm32f1xx_hal_msp.o
                                                  Drivers\STM32F1xx_HAL_Driver\Src\stm32f1xx_hal.o
HAL_NVIC_SystemReset                              Drivers\STM32F1xx_HAL_Driver\Src\stm32f1xx_hal_cortex.o
                                                  Drivers\STM32F1xx_HAL_Driver\Src\stm32f1xx_hal_flash.o
HAL_PWR_ConfigPVD                                 Drivers\STM32F1xx_HAL_Driver\Src\stm32f1xx_hal_pwr.o
HAL_PWR_DeInit                                    Drivers\STM32F1xx_HAL_Driver\Src\stm32f1xx_hal_pwr.o
HAL_PWR_DisableBkUpAccess                         Drivers\STM32F1xx_HAL_Driver\Src\stm32f1xx_hal_pwr.o
HAL_PWR_DisablePVD                                Drivers\STM32F1xx_HAL_Driver\Src\stm32f1xx_hal_pwr.o
HAL_PWR_DisableSEVOnPend                          Drivers\STM32F1xx_HAL_Driver\Src\stm32f1xx_hal_pwr.o
HAL_PWR_DisableSleepOnExit                        Drivers\STM32F1xx_HAL_Driver\Src\stm32f1xx_hal_pwr.o
HAL_PWR_DisableWakeUpPin                          Drivers\STM32F1xx_HAL_Driver\Src\stm32f1xx_hal_pwr.o
HAL_PWR_EnableBkUpAccess                          Drivers\STM32F1xx_HAL_Driver\Src\stm32f1xx_hal_pwr.o
HAL_PWR_EnablePVD                                 Drivers\STM32F1xx_HAL_Driver\Src\stm32f1xx_hal_pwr.o
HAL_PWR_EnableSEVOnPend                           Drivers\STM32F1xx_HAL_Driver\Src\stm32f1xx_hal_pwr.o
HAL_PWR_EnableSleepOnExit                         Drivers\STM32F1xx_HAL_Driver\Src\stm32f1xx_hal_pwr.o
HAL_PWR_EnableWakeUpPin                           Drivers\STM32F1xx_HAL_Driver\Src\stm32f1xx_hal_pwr.o
HAL_PWR_EnterSLEEPMode                            Drivers\STM32F1xx_HAL_Driver\Src\stm32f1xx_hal_pwr.o
HAL_PWR_EnterSTANDBYMode                          Drivers\STM32F1xx_HAL_Driver\Src\stm32f1xx_hal_pwr.o
HAL_PWR_EnterSTOPMode                             Drivers\STM32F1xx_HAL_Driver\Src\stm32f1xx_hal_pwr.o
HAL_PWR_PVDCallback                               Drivers\STM32F1xx_HAL_Driver\Src\stm32f1xx_hal_pwr.o
HAL_PWR_PVD_IRQHandler                            Drivers\STM32F1xx_HAL_Driver\Src\stm32f1xx_hal_pwr.o
HAL_RCCEx_DisablePLL2                             Drivers\STM32F1xx_HAL_Driver\Src\stm32f1xx_hal_rcc_ex.o
HAL_RCCEx_DisablePLLI2S                           Drivers\STM32F1xx_HAL_Driver\Src\stm32f1xx_hal_rcc_ex.o
HAL_RCCEx_EnablePLL2                              Drivers\STM32F1xx_HAL_Driver\Src\stm32f1xx_hal_rcc_ex.o
HAL_RCCEx_EnablePLLI2S                            Drivers\STM32F1xx_HAL_Driver\Src\stm32f1xx_hal_rcc_ex.o
HAL_RCCEx_GetPeriphCLKConfig                      Drivers\STM32F1xx_HAL_Driver\Src\stm32f1xx_hal_rcc_ex.o
HAL_RCCEx_GetPeriphCLKFreq                        Drivers\STM32F1xx_HAL_Driver\Src\stm32f1xx_hal_rcc_ex.o
                                                  Drivers\STM32F1xx_HAL_Driver\Src\stm32f1xx_hal_adc_ex.o
                                                  Drivers\STM32F1xx_HAL_Driver\Src\stm32f1xx_hal_adc.o
HAL_RCCEx_PeriphCLKConfig                         Drivers\STM32F1xx_HAL_Driver\Src\stm32f1xx_hal_rcc_ex.o
                                                  Src\main.o
HAL_RCC_CSSCallback                               Drivers\STM32F1xx_HAL_Driver\Src\stm32f1xx_hal_rcc.o
HAL_RCC_ClockConfig                               Drivers\STM32F1xx_HAL_Driver\Src\stm32f1xx_hal_rcc.o
                                                  Src\main.o
HAL_RCC_DeInit                                    Drivers\STM32F1xx_HAL_Driver\Src\stm32f1xx_hal_rcc.o
HAL_RCC_DisableCSS                                Drivers\STM32F1xx_HAL_Driver\Src\stm32f1xx_hal_rcc.o
HAL_RCC_EnableCSS                                 Drivers\STM32F1xx_HAL_Driver\Src\stm32f1xx_hal_rcc.o
HAL_RCC_GetClockConfig                            Drivers\STM32F1xx_HAL_Driver\Src\stm32f1xx_hal_rcc.o
HAL_RCC_GetHCLKFreq                               Drivers\STM32F1xx_HAL_Driver\Src\stm32f1xx_hal_rcc.o
                                                  Src\main.o
                                                  Drivers\STM32F1xx_HAL_Driver\Src\stm32f1xx_hal.o
HAL_RCC_GetOscConfig                              Drivers\STM32F1xx_HAL_Driver\Src\stm32f1xx_hal_rcc.o
HAL_RCC_GetPCLK1Freq                              Drivers\STM32F1xx_HAL_Driver\Src\stm32f1xx_hal_rcc.o
HAL_RCC_GetPCLK2Freq                              Drivers\STM32F1xx_HAL_Driver\Src\stm32f1xx_hal_rcc.o
                                                  Drivers\STM32F1xx_HAL_Driver\Src\stm32f1xx_hal_rcc_ex.o
HAL_RCC_GetSysClockFreq                           Drivers\STM32F1xx_HAL_Driver\Src\stm32f1xx_hal_rcc.o
                                                  Drivers\STM32F1xx_HAL_Driver\Src\stm32f1xx_hal_rcc_ex.o
HAL_RCC_MCOConfig                                 Drivers\STM32F1xx_HAL_Driver\Src\stm32f1xx_hal_rcc.o
HAL_RCC_NMI_IRQHandler                            Drivers\STM32F1xx_HAL_Driver\Src\stm32f1xx_hal_rcc.o
HAL_RCC_OscConfig                                 Drivers\STM32F1xx_HAL_Driver\Src\stm32f1xx_hal_rcc.o
                                                  Src\main.o
HAL_ResumeTick                                    Drivers\STM32F1xx_HAL_Driver\Src\stm32f1xx_hal.o
HAL_SYSTICK_CLKSourceConfig                       Drivers\STM32F1xx_HAL_Driver\Src\stm32f1xx_hal_cortex.o
                                                  Src\main.o
HAL_SYSTICK_Callback                              Drivers\STM32F1xx_HAL_Driver\Src\stm32f1xx_hal_cortex.o
HAL_SYSTICK_Config                                Drivers\STM32F1xx_HAL_Driver\Src\stm32f1xx_hal_cortex.o
                                                  Src\main.o
                                                  Drivers\STM32F1xx_HAL_Driver\Src\stm32f1xx_hal.o
HAL_SYSTICK_IRQHandler                            Drivers\STM32F1xx_HAL_Driver\Src\stm32f1xx_hal_cortex.o
                                                  Src\stm32f1xx_it.o
HAL_SuspendTick                                   Drivers\STM32F1xx_HAL_Driver\Src\stm32f1xx_hal.o
HAL_TIMEx_BreakCallback                           Drivers\STM32F1xx_HAL_Driver\Src\stm32f1xx_hal_tim_ex.o
                                                  Drivers\STM32F1xx_HAL_Driver\Src\stm32f1xx_hal_tim.o
HAL_TIMEx_CommutationCallback                     Drivers\STM32F1xx_HAL_Driver\Src\stm32f1xx_hal_tim_ex.o
                                                  Drivers\STM32F1xx_HAL_Driver\Src\stm32f1xx_hal_tim.o
HAL_TIMEx_ConfigBreakDeadTime                     Drivers\STM32F1xx_HAL_Driver\Src\stm32f1xx_hal_tim_ex.o
HAL_TIMEx_ConfigCommutationEvent                  Drivers\STM32F1xx_HAL_Driver\Src\stm32f1xx_hal_tim_ex.o
HAL_TIMEx_ConfigCommutationEvent_DMA              Drivers\STM32F1xx_HAL_Driver\Src\stm32f1xx_hal_tim_ex.o
HAL_TIMEx_ConfigCommutationEvent_IT               Drivers\STM32F1xx_HAL_Driver\Src\stm32f1xx_hal_tim_ex.o
HAL_TIMEx_HallSensor_DeInit                       Drivers\STM32F1xx_HAL_Driver\Src\stm32f1xx_hal_tim_ex.o
HAL_TIMEx_HallSensor_GetState                     Drivers\STM32F1xx_HAL_Driver\Src\stm32f1xx_hal_tim_ex.o
HAL_TIMEx_HallSensor_Init                         Drivers\STM32F1xx_HAL_Driver\Src\stm32f1xx_hal_tim_ex.o
HAL_TIMEx_HallSensor_MspDeInit                    Drivers\STM32F1xx_HAL_Driver\Src\stm32f1xx_hal_tim_ex.o
HAL_TIMEx_HallSensor_MspInit                      Drivers\STM32F1xx_HAL_Driver\Src\stm32f1xx_hal_tim_ex.o
HAL_TIMEx_HallSensor_Start                        Drivers\STM32F1xx_HAL_Driver\Src\stm32f1xx_hal_tim_ex.o
HAL_TIMEx_HallSensor_Start_DMA                    Drivers\STM32F1xx_HAL_Driver\Src\stm32f1xx_hal_tim_ex.o
HAL_TIMEx_HallSensor_Start_IT                     Drivers\STM32F1xx_HAL_Driver\Src\stm32f1xx_hal_tim_ex.o
HAL_TIMEx_HallSensor_Stop                         Drivers\STM32F1xx_HAL_Driver\Src\stm32f1xx_hal_tim_ex.o
HAL_TIMEx_HallSensor_Stop_DMA                     Drivers\STM32F1xx_HAL_Driver\Src\stm32f1xx_hal_tim_ex.o
HAL_TIMEx_HallSensor_Stop_IT                      Drivers\STM32F1xx_HAL_Driver\Src\stm32f1xx_hal_tim_ex.o
HAL_TIMEx_MasterConfigSynchronization             Drivers\STM32F1xx_HAL_Driver\Src\stm32f1xx_hal_tim_ex.o
                                                  Src\main.o
HAL_TIMEx_OCN_Start                               Drivers\STM32F1xx_HAL_Driver\Src\stm32f1xx_hal_tim_ex.o
HAL_TIMEx_OCN_Start_DMA                           Drivers\STM32F1xx_HAL_Driver\Src\stm32f1xx_hal_tim_ex.o
HAL_TIMEx_OCN_Start_IT                            Drivers\STM32F1xx_HAL_Driver\Src\stm32f1xx_hal_tim_ex.o
HAL_TIMEx_OCN_Stop                                Drivers\STM32F1xx_HAL_Driver\Src\stm32f1xx_hal_tim_ex.o
HAL_TIMEx_OCN_Stop_DMA                            Drivers\STM32F1xx_HAL_Driver\Src\stm32f1xx_hal_tim_ex.o
HAL_TIMEx_OCN_Stop_IT                             Drivers\STM32F1xx_HAL_Driver\Src\stm32f1xx_hal_tim_ex.o
HAL_TIMEx_OnePulseN_Start                         Drivers\STM32F1xx_HAL_Driver\Src\stm32f1xx_hal_tim_ex.o
HAL_TIMEx_OnePulseN_Start_IT                      Drivers\STM32F1xx_HAL_Driver\Src\stm32f1xx_hal_tim_ex.o
HAL_TIMEx_OnePulseN_Stop                          Drivers\STM32F1xx_HAL_Driver\Src\stm32f1xx_hal_tim_ex.o
HAL_TIMEx_OnePulseN_Stop_IT                       Drivers\STM32F1xx_HAL_Driver\Src\stm32f1xx_hal_tim_ex.o
HAL_TIMEx_PWMN_Start                              Drivers\STM32F1xx_HAL_Driver\Src\stm32f1xx_hal_tim_ex.o
HAL_TIMEx_PWMN_Start_DMA                          Drivers\STM32F1xx_HAL_Driver\Src\stm32f1xx_hal_tim_ex.o
HAL_TIMEx_PWMN_Start_IT                           Drivers\STM32F1xx_HAL_Driver\Src\stm32f1xx_hal_tim_ex.o
HAL_TIMEx_PWMN_Stop                               Drivers\STM32F1xx_HAL_Driver\Src\stm32f1xx_hal_tim_ex.o
HAL_TIMEx_PWMN_Stop_DMA                           Drivers\STM32F1xx_HAL_Driver\Src\stm32f1xx_hal_tim_ex.o
HAL_TIMEx_PWMN_Stop_IT                            Drivers\STM32F1xx_HAL_Driver\Src\stm32f1xx_hal_tim_ex.o
HAL_TIM_Base_DeInit                               Drivers\STM32F1xx_HAL_Driver\Src\stm32f1xx_hal_tim.o
HAL_TIM_Base_GetState                             Drivers\STM32F1xx_HAL_Driver\Src\stm32f1xx_hal_tim.o
HAL_TIM_Base_Init                                 Drivers\STM32F1xx_HAL_Driver\Src\stm32f1xx_hal_tim.o
                                                  Src\main.o
HAL_TIM_Base_MspDeInit                            Src\stm32f1xx_hal_msp.o
                                                  Drivers\STM32F1xx_HAL_Driver\Src\stm32f1xx_hal_tim.o
HAL_TIM_Base_MspInit                              Src\stm32f1xx_hal_msp.o
                                                  Drivers\STM32F1xx_HAL_Driver\Src\stm32f1xx_hal_tim.o
HAL_TIM_Base_Start                                Drivers\STM32F1xx_HAL_Driver\Src\stm32f1xx_hal_tim.o
HAL_TIM_Base_Start_DMA                            Drivers\STM32F1xx_HAL_Driver\Src\stm32f1xx_hal_tim.o
HAL_TIM_Base_Start_IT                             Drivers\STM32F1xx_HAL_Driver\Src\stm32f1xx_hal_tim.o
                                                  Src\main.o
HAL_TIM_Base_Stop                                 Drivers\STM32F1xx_HAL_Driver\Src\stm32f1xx_hal_tim.o
HAL_TIM_Base_Stop_DMA                             Drivers\STM32F1xx_HAL_Driver\Src\stm32f1xx_hal_tim.o
HAL_TIM_Base_Stop_IT                              Drivers\STM32F1xx_HAL_Driver\Src\stm32f1xx_hal_tim.o
HAL_TIM_ConfigClockSource                         Drivers\STM32F1xx_HAL_Driver\Src\stm32f1xx_hal_tim.o
                                                  Src\main.o
HAL_TIM_ConfigOCrefClear                          Drivers\STM32F1xx_HAL_Driver\Src\stm32f1xx_hal_tim.o
HAL_TIM_ConfigTI1Input                            Drivers\STM32F1xx_HAL_Driver\Src\stm32f1xx_hal_tim.o
HAL_TIM_DMABurst_ReadStart                        Drivers\STM32F1xx_HAL_Driver\Src\stm32f1xx_hal_tim.o
HAL_TIM_DMABurst_ReadStop                         Drivers\STM32F1xx_HAL_Driver\Src\stm32f1xx_hal_tim.o
HAL_TIM_DMABurst_WriteStart                       Drivers\STM32F1xx_HAL_Driver\Src\stm32f1xx_hal_tim.o
HAL_TIM_DMABurst_WriteStop                        Drivers\STM32F1xx_HAL_Driver\Src\stm32f1xx_hal_tim.o
HAL_TIM_Encoder_DeInit                            Drivers\STM32F1xx_HAL_Driver\Src\stm32f1xx_hal_tim.o
HAL_TIM_Encoder_GetState                          Drivers\STM32F1xx_HAL_Driver\Src\stm32f1xx_hal_tim.o
HAL_TIM_Encoder_Init                              Drivers\STM32F1xx_HAL_Driver\Src\stm32f1xx_hal_tim.o
HAL_TIM_Encoder_MspDeInit                         Drivers\STM32F1xx_HAL_Driver\Src\stm32f1xx_hal_tim.o
HAL_TIM_Encoder_MspInit                           Drivers\STM32F1xx_HAL_Driver\Src\stm32f1xx_hal_tim.o
HAL_TIM_Encoder_Start                             Drivers\STM32F1xx_HAL_Driver\Src\stm32f1xx_hal_tim.o
HAL_TIM_Encoder_Start_DMA                         Drivers\STM32F1xx_HAL_Driver\Src\stm32f1xx_hal_tim.o
HAL_TIM_Encoder_Start_IT                          Drivers\STM32F1xx_HAL_Driver\Src\stm32f1xx_hal_tim.o
HAL_TIM_Encoder_Stop                              Drivers\STM32F1xx_HAL_Driver\Src\stm32f1xx_hal_tim.o
HAL_TIM_Encoder_Stop_DMA                          Drivers\STM32F1xx_HAL_Driver\Src\stm32f1xx_hal_tim.o
HAL_TIM_Encoder_Stop_IT                           Drivers\STM32F1xx_HAL_Driver\Src\stm32f1xx_hal_tim.o
HAL_TIM_ErrorCallback                             Drivers\STM32F1xx_HAL_Driver\Src\stm32f1xx_hal_tim.o
HAL_TIM_GenerateEvent                             Drivers\STM32F1xx_HAL_Driver\Src\stm32f1xx_hal_tim.o
HAL_TIM_IC_CaptureCallback                        Drivers\STM32F1xx_HAL_Driver\Src\stm32f1xx_hal_tim.o
HAL_TIM_IC_ConfigChannel                          Drivers\STM32F1xx_HAL_Driver\Src\stm32f1xx_hal_tim.o
HAL_TIM_IC_DeInit                                 Drivers\STM32F1xx_HAL_Driver\Src\stm32f1xx_hal_tim.o
HAL_TIM_IC_GetState                               Drivers\STM32F1xx_HAL_Driver\Src\stm32f1xx_hal_tim.o
HAL_TIM_IC_Init                                   Drivers\STM32F1xx_HAL_Driver\Src\stm32f1xx_hal_tim.o
HAL_TIM_IC_MspDeInit                              Drivers\STM32F1xx_HAL_Driver\Src\stm32f1xx_hal_tim.o
HAL_TIM_IC_MspInit                                Drivers\STM32F1xx_HAL_Driver\Src\stm32f1xx_hal_tim.o
HAL_TIM_IC_Start                                  Drivers\STM32F1xx_HAL_Driver\Src\stm32f1xx_hal_tim.o
HAL_TIM_IC_Start_DMA                              Drivers\STM32F1xx_HAL_Driver\Src\stm32f1xx_hal_tim.o
HAL_TIM_IC_Start_IT                               Drivers\STM32F1xx_HAL_Driver\Src\stm32f1xx_hal_tim.o
HAL_TIM_IC_Stop                                   Drivers\STM32F1xx_HAL_Driver\Src\stm32f1xx_hal_tim.o
HAL_TIM_IC_Stop_DMA                               Drivers\STM32F1xx_HAL_Driver\Src\stm32f1xx_hal_tim.o
HAL_TIM_IC_Stop_IT                                Drivers\STM32F1xx_HAL_Driver\Src\stm32f1xx_hal_tim.o
HAL_TIM_IRQHandler                                Drivers\STM32F1xx_HAL_Driver\Src\stm32f1xx_hal_tim.o
                                                  Src\stm32f1xx_it.o
HAL_TIM_MspPostInit                               Src\stm32f1xx_hal_msp.o
                                                  Src\main.o
HAL_TIM_OC_ConfigChannel                          Drivers\STM32F1xx_HAL_Driver\Src\stm32f1xx_hal_tim.o
                                                  Src\main.o
HAL_TIM_OC_DeInit                                 Drivers\STM32F1xx_HAL_Driver\Src\stm32f1xx_hal_tim.o
HAL_TIM_OC_DelayElapsedCallback                   Drivers\STM32F1xx_HAL_Driver\Src\stm32f1xx_hal_tim.o
HAL_TIM_OC_GetState                               Drivers\STM32F1xx_HAL_Driver\Src\stm32f1xx_hal_tim.o
HAL_TIM_OC_Init                                   Drivers\STM32F1xx_HAL_Driver\Src\stm32f1xx_hal_tim.o
                                                  Src\main.o
HAL_TIM_OC_MspDeInit                              Drivers\STM32F1xx_HAL_Driver\Src\stm32f1xx_hal_tim.o
HAL_TIM_OC_MspInit                                Drivers\STM32F1xx_HAL_Driver\Src\stm32f1xx_hal_tim.o
HAL_TIM_OC_Start                                  Drivers\STM32F1xx_HAL_Driver\Src\stm32f1xx_hal_tim.o
HAL_TIM_OC_Start_DMA                              Drivers\STM32F1xx_HAL_Driver\Src\stm32f1xx_hal_tim.o
HAL_TIM_OC_Start_IT                               Drivers\STM32F1xx_HAL_Driver\Src\stm32f1xx_hal_tim.o
HAL_TIM_OC_Stop                                   Drivers\STM32F1xx_HAL_Driver\Src\stm32f1xx_hal_tim.o
HAL_TIM_OC_Stop_DMA                               Drivers\STM32F1xx_HAL_Driver\Src\stm32f1xx_hal_tim.o
HAL_TIM_OC_Stop_IT                                Drivers\STM32F1xx_HAL_Driver\Src\stm32f1xx_hal_tim.o
HAL_TIM_OnePulse_ConfigChannel                    Drivers\STM32F1xx_HAL_Driver\Src\stm32f1xx_hal_tim.o
HAL_TIM_OnePulse_DeInit                           Drivers\STM32F1xx_HAL_Driver\Src\stm32f1xx_hal_tim.o
HAL_TIM_OnePulse_GetState                         Drivers\STM32F1xx_HAL_Driver\Src\stm32f1xx_hal_tim.o
HAL_TIM_OnePulse_Init                             Drivers\STM32F1xx_HAL_Driver\Src\stm32f1xx_hal_tim.o
HAL_TIM_OnePulse_MspDeInit                        Drivers\STM32F1xx_HAL_Driver\Src\stm32f1xx_hal_tim.o
HAL_TIM_OnePulse_MspInit                          Drivers\STM32F1xx_HAL_Driver\Src\stm32f1xx_hal_tim.o
HAL_TIM_OnePulse_Start                            Drivers\STM32F1xx_HAL_Driver\Src\stm32f1xx_hal_tim.o
HAL_TIM_OnePulse_Start_IT                         Drivers\STM32F1xx_HAL_Driver\Src\stm32f1xx_hal_tim.o
HAL_TIM_OnePulse_Stop                             Drivers\STM32F1xx_HAL_Driver\Src\stm32f1xx_hal_tim.o
HAL_TIM_OnePulse_Stop_IT                          Drivers\STM32F1xx_HAL_Driver\Src\stm32f1xx_hal_tim.o
HAL_TIM_PWM_ConfigChannel                         Drivers\STM32F1xx_HAL_Driver\Src\stm32f1xx_hal_tim.o
                                                  Src\main.o
HAL_TIM_PWM_DeInit                                Drivers\STM32F1xx_HAL_Driver\Src\stm32f1xx_hal_tim.o
HAL_TIM_PWM_GetState                              Drivers\STM32F1xx_HAL_Driver\Src\stm32f1xx_hal_tim.o
HAL_TIM_PWM_Init                                  Drivers\STM32F1xx_HAL_Driver\Src\stm32f1xx_hal_tim.o
                                                  Src\main.o
HAL_TIM_PWM_MspDeInit                             Drivers\STM32F1xx_HAL_Driver\Src\stm32f1xx_hal_tim.o
HAL_TIM_PWM_MspInit                               Drivers\STM32F1xx_HAL_Driver\Src\stm32f1xx_hal_tim.o
HAL_TIM_PWM_PulseFinishedCallback                 Drivers\STM32F1xx_HAL_Driver\Src\stm32f1xx_hal_tim.o
HAL_TIM_PWM_Start                                 Drivers\STM32F1xx_HAL_Driver\Src\stm32f1xx_hal_tim.o
                                                  Src\main.o
HAL_TIM_PWM_Start_DMA                             Drivers\STM32F1xx_HAL_Driver\Src\stm32f1xx_hal_tim.o
HAL_TIM_PWM_Start_IT                              Drivers\STM32F1xx_HAL_Driver\Src\stm32f1xx_hal_tim.o
HAL_TIM_PWM_Stop                                  Drivers\STM32F1xx_HAL_Driver\Src\stm32f1xx_hal_tim.o
HAL_TIM_PWM_Stop_DMA                              Drivers\STM32F1xx_HAL_Driver\Src\stm32f1xx_hal_tim.o
HAL_TIM_PWM_Stop_IT                               Drivers\STM32F1xx_HAL_Driver\Src\stm32f1xx_hal_tim.o
HAL_TIM_PeriodElapsedCallback                     Src\main.o
                                                  Drivers\STM32F1xx_HAL_Driver\Src\stm32f1xx_hal_tim.o
HAL_TIM_ReadCapturedValue                         Drivers\STM32F1xx_HAL_Driver\Src\stm32f1xx_hal_tim.o
HAL_TIM_SlaveConfigSynchronization                Drivers\STM32F1xx_HAL_Driver\Src\stm32f1xx_hal_tim.o
HAL_TIM_SlaveConfigSynchronization_IT             Drivers\STM32F1xx_HAL_Driver\Src\stm32f1xx_hal_tim.o
HAL_TIM_TriggerCallback                           Drivers\STM32F1xx_HAL_Driver\Src\stm32f1xx_hal_tim.o
HardFault_Handler                                 Src\stm32f1xx_it.o
                                                  Drivers\CMSIS\Device\ST\STM32F1xx\Source\Templates\gcc\startup_stm32f105xc.o
I2C1_ER_IRQHandler                                Drivers\CMSIS\Device\ST\STM32F1xx\Source\Templates\gcc\startup_stm32f105xc.o
I2C1_EV_IRQHandler                                Drivers\CMSIS\Device\ST\STM32F1xx\Source\Templates\gcc\startup_stm32f105xc.o
I2C2_ER_IRQHandler                                Drivers\CMSIS\Device\ST\STM32F1xx\Source\Templates\gcc\startup_stm32f105xc.o
I2C2_EV_IRQHandler                                Drivers\CMSIS\Device\ST\STM32F1xx\Source\Templates\gcc\startup_stm32f105xc.o
MemManage_Handler                                 Src\stm32f1xx_it.o
                                                  Drivers\CMSIS\Device\ST\STM32F1xx\Source\Templates\gcc\startup_stm32f105xc.o
NMI_Handler                                       Src\stm32f1xx_it.o
                                                  Drivers\CMSIS\Device\ST\STM32F1xx\Source\Templates\gcc\startup_stm32f105xc.o
OTG_FS_IRQHandler                                 Drivers\CMSIS\Device\ST\STM32F1xx\Source\Templates\gcc\startup_stm32f105xc.o
OTG_FS_WKUP_IRQHandler                            Drivers\CMSIS\Device\ST\STM32F1xx\Source\Templates\gcc\startup_stm32f105xc.o
PVD_IRQHandler                                    Drivers\CMSIS\Device\ST\STM32F1xx\Source\Templates\gcc\startup_stm32f105xc.o
PendSV_Handler                                    Src\stm32f1xx_it.o
                                                  Drivers\CMSIS\Device\ST\STM32F1xx\Source\Templates\gcc\startup_stm32f105xc.o
RCC_IRQHandler                                    Drivers\CMSIS\Device\ST\STM32F1xx\Source\Templates\gcc\startup_stm32f105xc.o
RTC_Alarm_IRQHandler                              Drivers\CMSIS\Device\ST\STM32F1xx\Source\Templates\gcc\startup_stm32f105xc.o
RTC_IRQHandler                                    Drivers\CMSIS\Device\ST\STM32F1xx\Source\Templates\gcc\startup_stm32f105xc.o
Reset_Handler                                     Drivers\CMSIS\Device\ST\STM32F1xx\Source\Templates\gcc\startup_stm32f105xc.o
SPI1_IRQHandler                                   Drivers\CMSIS\Device\ST\STM32F1xx\Source\Templates\gcc\startup_stm32f105xc.o
SPI2_IRQHandler                                   Drivers\CMSIS\Device\ST\STM32F1xx\Source\Templates\gcc\startup_stm32f105xc.o
SPI3_IRQHandler                                   Drivers\CMSIS\Device\ST\STM32F1xx\Source\Templates\gcc\startup_stm32f105xc.o
SVC_Handler                                       Src\stm32f1xx_it.o
                                                  Drivers\CMSIS\Device\ST\STM32F1xx\Source\Templates\gcc\startup_stm32f105xc.o
SysTick_Handler                                   Src\stm32f1xx_it.o
                                                  Drivers\CMSIS\Device\ST\STM32F1xx\Source\Templates\gcc\startup_stm32f105xc.o
SystemClock_Config                                Src\main.o
SystemCoreClock                                   Drivers\CMSIS\Device\ST\STM32F1xx\Source\Templates\system_stm32f1xx.o
                                                  Drivers\STM32F1xx_HAL_Driver\Src\stm32f1xx_hal_rcc.o
                                                  Drivers\STM32F1xx_HAL_Driver\Src\stm32f1xx_hal_adc_ex.o
                                                  Drivers\STM32F1xx_HAL_Driver\Src\stm32f1xx_hal_adc.o
SystemCoreClockUpdate                             Drivers\CMSIS\Device\ST\STM32F1xx\Source\Templates\system_stm32f1xx.o
SystemInit                                        Drivers\CMSIS\Device\ST\STM32F1xx\Source\Templates\system_stm32f1xx.o
                                                  Drivers\CMSIS\Device\ST\STM32F1xx\Source\Templates\gcc\startup_stm32f105xc.o
TAMPER_IRQHandler                                 Drivers\CMSIS\Device\ST\STM32F1xx\Source\Templates\gcc\startup_stm32f105xc.o
TIM1_BRK_IRQHandler                               Drivers\CMSIS\Device\ST\STM32F1xx\Source\Templates\gcc\startup_stm32f105xc.o
TIM1_CC_IRQHandler                                Drivers\CMSIS\Device\ST\STM32F1xx\Source\Templates\gcc\startup_stm32f105xc.o
TIM1_TRG_COM_IRQHandler                           Drivers\CMSIS\Device\ST\STM32F1xx\Source\Templates\gcc\startup_stm32f105xc.o
TIM1_UP_IRQHandler                                Drivers\CMSIS\Device\ST\STM32F1xx\Source\Templates\gcc\startup_stm32f105xc.o
TIM2_IRQHandler                                   Src\stm32f1xx_it.o
                                                  Drivers\CMSIS\Device\ST\STM32F1xx\Source\Templates\gcc\startup_stm32f105xc.o
TIM3_IRQHandler                                   Drivers\CMSIS\Device\ST\STM32F1xx\Source\Templates\gcc\startup_stm32f105xc.o
TIM4_IRQHandler                                   Drivers\CMSIS\Device\ST\STM32F1xx\Source\Templates\gcc\startup_stm32f105xc.o
TIM5_IRQHandler                                   Drivers\CMSIS\Device\ST\STM32F1xx\Source\Templates\gcc\startup_stm32f105xc.o
TIM6_IRQHandler                                   Drivers\CMSIS\Device\ST\STM32F1xx\Source\Templates\gcc\startup_stm32f105xc.o
TIM7_IRQHandler                                   Drivers\CMSIS\Device\ST\STM32F1xx\Source\Templates\gcc\startup_stm32f105xc.o
TIMEx_DMACommutationCplt                          Drivers\STM32F1xx_HAL_Driver\Src\stm32f1xx_hal_tim_ex.o
                                                  Drivers\STM32F1xx_HAL_Driver\Src\stm32f1xx_hal_tim.o
TIM_Base_SetConfig                                Drivers\STM32F1xx_HAL_Driver\Src\stm32f1xx_hal_tim.o
                                                  Drivers\STM32F1xx_HAL_Driver\Src\stm32f1xx_hal_tim_ex.o
TIM_CCxChannelCmd                                 Drivers\STM32F1xx_HAL_Driver\Src\stm32f1xx_hal_tim.o
                                                  Drivers\STM32F1xx_HAL_Driver\Src\stm32f1xx_hal_tim_ex.o
TIM_DMACaptureCplt                                Drivers\STM32F1xx_HAL_Driver\Src\stm32f1xx_hal_tim.o
                                                  Drivers\STM32F1xx_HAL_Driver\Src\stm32f1xx_hal_tim_ex.o
TIM_DMADelayPulseCplt                             Drivers\STM32F1xx_HAL_Driver\Src\stm32f1xx_hal_tim.o
                                                  Drivers\STM32F1xx_HAL_Driver\Src\stm32f1xx_hal_tim_ex.o
TIM_DMAError                                      Drivers\STM32F1xx_HAL_Driver\Src\stm32f1xx_hal_tim.o
                                                  Drivers\STM32F1xx_HAL_Driver\Src\stm32f1xx_hal_tim_ex.o
TIM_OC2_SetConfig                                 Drivers\STM32F1xx_HAL_Driver\Src\stm32f1xx_hal_tim.o
                                                  Drivers\STM32F1xx_HAL_Driver\Src\stm32f1xx_hal_tim_ex.o
TIM_TI1_SetConfig                                 Drivers\STM32F1xx_HAL_Driver\Src\stm32f1xx_hal_tim.o
                                                  Drivers\STM32F1xx_HAL_Driver\Src\stm32f1xx_hal_tim_ex.o
UART4_IRQHandler                                  Drivers\CMSIS\Device\ST\STM32F1xx\Source\Templates\gcc\startup_stm32f105xc.o
UART5_IRQHandler                                  Drivers\CMSIS\Device\ST\STM32F1xx\Source\Templates\gcc\startup_stm32f105xc.o
USART1_IRQHandler                                 Drivers\CMSIS\Device\ST\STM32F1xx\Source\Templates\gcc\startup_stm32f105xc.o